ARM Linker, 4.1 [Build 791] [Standard]

==============================================================================

Section Cross References

    main.o(.text) refers to system_stm32f10x.o(.text) for SystemInit
    main.o(.text) refers to stm32f107.o(.text) for GPIO_Configuration
    main.o(.text) refers to can.o(.text) for CAN_Configuration
    main.o(.text) refers to delay.o(.text) for SysTick_Configuration
    main.o(.text) refers to key.o(.text) for Key_Configuration
    main.o(.text) refers to led.o(.text) for LED_Configuration
    main.o(.text) refers to nrf24l01.o(.text) for NRF24L01_Init
    main.o(.text) refers to stm32f10x_gpio.o(.text) for GPIO_SetBits
    main.o(.text) refers to noretval__2printf.o(.text) for __2printf
    delay.o(.text) refers to system_stm32f10x.o(.data) for SystemCoreClock
    delay.o(.text) refers to stm32f10x_it.o(.data) for SysTickTimer
    key.o(.text) refers to stm32f10x_rcc.o(.text) for RCC_APB2PeriphClockCmd
    key.o(.text) refers to stm32f10x_gpio.o(.text) for GPIO_Init
    led.o(.text) refers to stm32f10x_rcc.o(.text) for RCC_APB2PeriphClockCmd
    led.o(.text) refers to stm32f10x_gpio.o(.text) for GPIO_Init
    spi.o(.text) refers to stm32f10x_spi.o(.text) for SPI_I2S_GetFlagStatus
    spi.o(.text) refers to stm32f10x_rcc.o(.text) for RCC_APB1PeriphClockCmd
    spi.o(.text) refers to stm32f10x_gpio.o(.text) for GPIO_PinRemapConfig
    can.o(.text) refers to stm32f10x_can.o(.text) for CAN_FilterInit
    can.o(.text) refers to led.o(.text) for One_LED_ON
    can.o(.text) refers to delay.o(.text) for delay_ms
    can.o(.text) refers to can.o(.data) for .data
    can.o(.text) refers to can.o(.constdata) for .constdata
    stm32f107.o(.text) refers to misc.o(.text) for NVIC_PriorityGroupConfig
    stm32f107.o(.text) refers to stm32f10x_rcc.o(.text) for RCC_APB2PeriphClockCmd
    stm32f107.o(.text) refers to stm32f10x_gpio.o(.text) for GPIO_PinRemapConfig
    stm32f107.o(.text) refers to stm32f10x_tim.o(.text) for TIM_DeInit
    stm32f107.o(.text) refers to system_stm32f10x.o(.text) for SystemInit
    stm32f10x_it.o(.text) refers to stm32f10x_it.o(.data) for .data
    nrf24l01.o(.text) refers to stm32f10x_rcc.o(.text) for RCC_APB2PeriphClockCmd
    nrf24l01.o(.text) refers to stm32f10x_gpio.o(.text) for GPIO_Init
    nrf24l01.o(.text) refers to spi.o(.text) for WIRELESS_SPI_Init
    nrf24l01.o(.text) refers to nrf24l01.o(.constdata) for .constdata
    stm32f10x_adc.o(.text) refers to stm32f10x_rcc.o(.text) for RCC_APB2PeriphResetCmd
    stm32f10x_can.o(.text) refers to stm32f10x_rcc.o(.text) for RCC_APB1PeriphResetCmd
    stm32f10x_gpio.o(.text) refers to stm32f10x_rcc.o(.text) for RCC_APB2PeriphResetCmd
    stm32f10x_rcc.o(.text) refers to stm32f10x_rcc.o(.data) for .data
    stm32f10x_spi.o(.text) refers to stm32f10x_rcc.o(.text) for RCC_APB2PeriphResetCmd
    stm32f10x_tim.o(.text) refers to stm32f10x_rcc.o(.text) for RCC_APB1PeriphResetCmd
    stm32f10x_usart.o(.text) refers to stm32f10x_rcc.o(.text) for RCC_APB2PeriphResetCmd
    system_stm32f10x.o(.text) refers to system_stm32f10x.o(.data) for .data
    startup_stm32f10x_cl.o(STACK) refers (Special) to heapauxi.o(.text) for __use_two_region_memory
    startup_stm32f10x_cl.o(HEAP) refers (Special) to heapauxi.o(.text) for __use_two_region_memory
    startup_stm32f10x_cl.o(RESET) refers (Special) to heapauxi.o(.text) for __use_two_region_memory
    startup_stm32f10x_cl.o(RESET) refers to startup_stm32f10x_cl.o(STACK) for __initial_sp
    startup_stm32f10x_cl.o(RESET) refers to startup_stm32f10x_cl.o(.text) for Reset_Handler
    startup_stm32f10x_cl.o(RESET) refers to stm32f10x_it.o(.text) for NMI_Handler
    startup_stm32f10x_cl.o(RESET) refers to stm32f107.o(.text) for TIM2_IRQHandler
    startup_stm32f10x_cl.o(RESET) refers to can.o(.text) for CAN2_RX0_IRQHandler
    startup_stm32f10x_cl.o(.text) refers (Special) to heapauxi.o(.text) for __use_two_region_memory
    startup_stm32f10x_cl.o(.text) refers to system_stm32f10x.o(.text) for SystemInit
    startup_stm32f10x_cl.o(.text) refers to __main.o(!!!main) for __main
    startup_stm32f10x_cl.o(.text) refers to startup_stm32f10x_cl.o(HEAP) for Heap_Mem
    startup_stm32f10x_cl.o(.text) refers to startup_stm32f10x_cl.o(STACK) for Stack_Mem
    __2printf.o(.text) refers to _printf_char_file.o(.text) for _printf_char_file
    __2printf.o(.text) refers to stdio_streams.o(.bss) for __stdout
    noretval__2printf.o(.text) refers to _printf_char_file.o(.text) for _printf_char_file
    noretval__2printf.o(.text) refers to stdio_streams.o(.bss) for __stdout
    __main.o(!!!main) refers to rtentry.o(.ARM.Collect$$rtentry$$00000000) for __rt_entry
    rtentry.o(.ARM.Collect$$rtentry$$00000000) refers (Special) to rtentry2.o(.ARM.Collect$$rtentry$$0000000A) for __rt_entry_li
    rtentry.o(.ARM.Collect$$rtentry$$00000000) refers (Special) to rtentry2.o(.ARM.Collect$$rtentry$$0000000D) for __rt_entry_main
[...]
    ../../angel/sysapp.c                     0x00000000   Number         0  sys_io.o ABSOLUTE
    ../../armsys.c                           0x00000000   Number         0  argv_veneer.o ABSOLUTE
    ../../armsys.c                           0x00000000   Number         0  argv_veneer.o ABSOLUTE
    ../../armsys.c                           0x00000000   Number         0  no_argv.o ABSOLUTE
    ../../armsys.c                           0x00000000   Number         0  _get_argv_nomalloc.o ABSOLUTE
    ../../armsys.c                           0x00000000   Number         0  _get_argv.o ABSOLUTE
    ../../assert.c                           0x00000000   Number         0  assert_stdio.o ABSOLUTE
    ../../fpinit.s                           0x00000000   Number         0  fpinit.o ABSOLUTE
    ../../heap1.c                            0x00000000   Number         0  h1_extend_mt.o ABSOLUTE
    ../../heap1.c                            0x00000000   Number         0  h1_final_mt.o ABSOLUTE
    ../../heap1.c                            0x00000000   Number         0  h1_init.o ABSOLUTE
    ../../heap1.c                            0x00000000   Number         0  h1_final.o ABSOLUTE
    ../../heap1.c                            0x00000000   Number         0  h1_free_mt.o ABSOLUTE
    ../../heap1.c                            0x00000000   Number         0  h1_free.o ABSOLUTE
    ../../heap1.c                            0x00000000   Number         0  h1_extend.o ABSOLUTE
    ../../heap1.c                            0x00000000   Number         0  h1_init_mt.o ABSOLUTE
    ../../heap1.c                            0x00000000   Number         0  h1_alloc.o ABSOLUTE
    ../../heap1.c                            0x00000000   Number         0  h1_alloc_mt.o ABSOLUTE
    ../../heap2.c                            0x00000000   Number         0  heap2mt.o ABSOLUTE
    ../../heap2.c                            0x00000000   Number         0  heap2.o ABSOLUTE
    ../../heap2.c                            0x00000000   Number         0  fdtree.o ABSOLUTE
    ../../heapalloc.c                        0x00000000   Number         0  malloc.o ABSOLUTE
    ../../heapalloc.c                        0x00000000   Number         0  free.o ABSOLUTE
    ../../heapalloc.c                        0x00000000   Number         0  init_alloc.o ABSOLUTE
    ../../heapalloc.c                        0x00000000   Number         0  hguard.o ABSOLUTE
    ../../heapalloc.c                        0x00000000   Number         0  term_alloc.o ABSOLUTE
    ../../heapalloc.c                        0x00000000   Number         0  hrguard.o ABSOLUTE
    ../../heapalloc.c                        0x00000000   Number         0  maybetermalloc2.o ABSOLUTE
    ../../heapalloc.c                        0x00000000   Number         0  maybetermalloc2.o ABSOLUTE
    ../../heapalloc.c                        0x00000000   Number         0  maybetermalloc1.o ABSOLUTE
    ../../heapalloc.c                        0x00000000   Number         0  maybetermalloc1.o ABSOLUTE
    ../../heapalloc.c                        0x00000000   Number         0  heapstubs.o ABSOLUTE
    ../../heapaux.c                          0x00000000   Number         0  heapauxi.o ABSOLUTE
    ../../heapaux.c                          0x00000000   Number         0  heapauxa.o ABSOLUTE
    ../../libinit.s                          0x00000000   Number         0  libinit.o ABSOLUTE
    ../../libinit.s                          0x00000000   Number         0  libshutdown2.o ABSOLUTE
    ../../libinit.s                          0x00000000   Number         0  libinit2.o ABSOLUTE
    ../../libinit.s                          0x00000000   Number         0  libshutdown.o ABSOLUTE
    ../../memcpset.s                         0x00000000   Number         0  rt_memcpy_w.o ABSOLUTE
    ../../memcpset.s                         0x00000000   Number         0  rt_memcpy_v6.o ABSOLUTE
    ../../memcpset.s                         0x00000000   Number         0  rt_memclr_w.o ABSOLUTE
    ../../printf.c                           0x00000000   Number         0  _printf_char_file.o ABSOLUTE
    ../../printf.c                           0x00000000   Number         0  __2printf.o ABSOLUTE
    ../../printf.c                           0x00000000   Number         0  noretval__2printf.o ABSOLUTE
    ../../printf.c                           0x00000000   Number         0  _printf_char_common.o ABSOLUTE
    ../../printf.c                           0x00000000   Number         0  _printf_char_file_locked.o ABSOLUTE
    ../../printf.c                           0x00000000   Number         0  __printf_nopercent.o ABSOLUTE
    ../../signal.c                           0x00000000   Number         0  defsig_rtmem_formal.o ABSOLUTE
    ../../signal.c                           0x00000000   Number         0  defsig_other.o ABSOLUTE
    ../../signal.c                           0x00000000   Number         0  defsig_segv_inner.o ABSOLUTE
    ../../signal.c                           0x00000000   Number         0  defsig_cppl_inner.o ABSOLUTE
    ../../signal.c                           0x00000000   Number         0  defsig_pvfn_inner.o ABSOLUTE
    ../../signal.c                           0x00000000   Number         0  defsig_stak_inner.o ABSOLUTE
    ../../signal.c                           0x00000000   Number         0  defsig_abrt_inner.o ABSOLUTE
    ../../signal.c                           0x00000000   Number         0  defsig_exit.o ABSOLUTE
    ../../signal.c                           0x00000000   Number         0  defsig_general.o ABSOLUTE
    ../../signal.c                           0x00000000   Number         0  defsig_rtmem_outer.o ABSOLUTE
    ../../signal.c                           0x00000000   Number         0  defsig_rtred_inner.o ABSOLUTE
    ../../signal.c                           0x00000000   Number         0  __raise.o ABSOLUTE
    ../../signal.c                           0x00000000   Number         0  defsig_fpe_inner.o ABSOLUTE
    ../../signal.c                           0x00000000   Number         0  defsig_rtmem_inner.o ABSOLUTE
    ../../signal.c                           0x00000000   Number         0  defsig_rtred_outer.o ABSOLUTE
    ../../signal.c                           0x00000000   Number         0  defsig_rtred_formal.o ABSOLUTE
    ../../signal.s                           0x00000000   Number         0  defsig.o ABSOLUTE
    ../../stdio.c                            0x00000000   Number         0  fseek.o ABSOLUTE
    ../../stdio.c                            0x00000000   Number         0  initio.o ABSOLUTE
    ../../stdio.c                            0x00000000   Number         0  fputc_locked.o ABSOLUTE
    ../../stdio.c                            0x00000000   Number         0  ferror_locked.o ABSOLUTE
    ../../stdio.c                            0x00000000   Number         0  initio_locked.o ABSOLUTE
    ../../stdio.c                            0x00000000   Number         0  ferror.o ABSOLUTE
    ../../stdio.c                            0x00000000   Number         0  stdio_streams.o ABSOLUTE
    ../../stdio.c                            0x00000000   Number         0  fputs.o ABSOLUTE
    ../../stdio.c                            0x00000000   Number         0  fflush.o ABSOLUTE
    ../../stdio.c                            0x00000000   Number         0  flsbuf.o ABSOLUTE
    ../../stdio.c                            0x00000000   Number         0  setvbuf.o ABSOLUTE
    ../../stdio.c                            0x00000000   Number         0  fopen.o ABSOLUTE
    ../../stdio.c                            0x00000000   Number         0  streamlock.o ABSOLUTE
    ../../stdio.c                            0x00000000   Number         0  ftell.o ABSOLUTE
    ../../stdio.c                            0x00000000   Number         0  fputs_locked.o ABSOLUTE
    ../../stdio.c                            0x00000000   Number         0  fclose.o ABSOLUTE
    ../../stdio.c                            0x00000000   Number         0  setvbuf_locked.o ABSOLUTE
    ../../stdio.c                            0x00000000   Number         0  fopen_locked.o ABSOLUTE
    ../../stdio.c                            0x00000000   Number         0  fflush_locked.o ABSOLUTE
    ../../stdio.c                            0x00000000   Number         0  fwritefast_locked.o ABSOLUTE
    ../../stdio.c                            0x00000000   Number         0  fwritefast.o ABSOLUTE
    ../../stdio.c                            0x00000000   Number         0  stdio.o ABSOLUTE
    ../../stdio.c                            0x00000000   Number         0  fputc.o ABSOLUTE
    ../../stdlib.c                           0x00000000   Number         0  exit.o ABSOLUTE
    ../../string.c                           0x00000000   Number         0  strlen.o ABSOLUTE
    ../../wchar.c                            0x00000000   Number         0  flsbuf_fwide.o ABSOLUTE
    ..\Lib\CMSIS\CM3\CoreSupport\core_cm3.c  0x00000000   Number         0  core_cm3.o ABSOLUTE
    ..\Lib\CMSIS\CM3\DeviceSupport\ST\STM32F10x\startup\arm\startup_stm32f10x_cl.s 0x00000000   Number         0  startup_stm32f10x_cl.o ABSOLUTE
    ..\Lib\CMSIS\CM3\DeviceSupport\ST\STM32F10x\system_stm32f10x.c 0x00000000   Number         0  system_stm32f10x.o ABSOLUTE
    ..\Lib\STM32F10x_StdPeriph_Driver\src\misc.c 0x00000000   Number         0  misc.o ABSOLUTE
    ..\Lib\STM32F10x_StdPeriph_Driver\src\stm32f10x_adc.c 0x00000000   Number         0  stm32f10x_adc.o ABSOLUTE
    ..\Lib\STM32F10x_StdPeriph_Driver\src\stm32f10x_can.c 0x00000000   Number         0  stm32f10x_can.o ABSOLUTE
    ..\Lib\STM32F10x_StdPeriph_Driver\src\stm32f10x_flash.c 0x00000000   Number         0  stm32f10x_flash.o ABSOLUTE
    ..\Lib\STM32F10x_StdPeriph_Driver\src\stm32f10x_gpio.c 0x00000000   Number         0  stm32f10x_gpio.o ABSOLUTE
    ..\Lib\STM32F10x_StdPeriph_Driver\src\stm32f10x_rcc.c 0x00000000   Number         0  stm32f10x_rcc.o ABSOLUTE
    ..\Lib\STM32F10x_StdPeriph_Driver\src\stm32f10x_spi.c 0x00000000   Number         0  stm32f10x_spi.o ABSOLUTE
    ..\Lib\STM32F10x_StdPeriph_Driver\src\stm32f10x_tim.c 0x00000000   Number         0  stm32f10x_tim.o ABSOLUTE
    ..\Lib\STM32F10x_StdPeriph_Driver\src\stm32f10x_usart.c 0x00000000   Number         0  stm32f10x_usart.o ABSOLUTE
    ..\User\NRF24L01.c                       0x00000000   Number         0  nrf24l01.o ABSOLUTE
    ..\User\can.c                            0x00000000   Number         0  can.o ABSOLUTE
    ..\User\delay.c                          0x00000000   Number         0  delay.o ABSOLUTE
    ..\User\key.c                            0x00000000   Number         0  key.o ABSOLUTE
    ..\User\led.c                            0x00000000   Number         0  led.o ABSOLUTE
    ..\User\main.c                           0x00000000   Number         0  main.o ABSOLUTE
    ..\User\spi.c                            0x00000000   Number         0  spi.o ABSOLUTE
    ..\User\stm32f107.c                      0x00000000   Number         0  stm32f107.o ABSOLUTE
    ..\User\stm32f10x_it.c                   0x00000000   Number         0  stm32f10x_it.o ABSOLUTE
    ..\\Lib\\CMSIS\\CM3\\CoreSupport\\core_cm3.c 0x00000000   Number         0  core_cm3.o ABSOLUTE
    dc.s                                     0x00000000   Number         0  dc.o ABSOLUTE
    RESET                                    0x08000000   Section      336  startup_stm32f10x_cl.o(RESET)
    !!!main                                  0x08000150   Section        8  __main.o(!!!main)
    !!!scatter                               0x08000158   Section       52  __scatter.o(!!!scatter)
    !!handler_copy                           0x0800018c   Section       26  __scatter_copy.o(!!handler_copy)
    !!handler_zi                             0x080001a8   Section       28  __scatter_zi.o(!!handler_zi)
    .ARM.Collect$$libinit$$00000000          0x080001c4   Section        6  libinit.o(.ARM.Collect$$libinit$$00000000)
    .ARM.Collect$$libinit$$00000001          0x080001ca   Section        8  libinit2.o(.ARM.Collect$$libinit$$00000001)
    .ARM.Collect$$libinit$$00000006          0x080001d2   Section        0  libinit2.o(.ARM.Collect$$libinit$$00000006)
    .ARM.Collect$$libinit$$00000008          0x080001d2   Section        0  libinit2.o(.ARM.Collect$$libinit$$00000008)
    .ARM.Collect$$libinit$$0000000A          0x080001d2   Section        0  libinit2.o(.ARM.Collect$$libinit$$0000000A)
    .ARM.Collect$$libinit$$0000000D          0x080001d2   Section        0  libinit2.o(.ARM.Collect$$libinit$$0000000D)
    .ARM.Collect$$libinit$$0000000F          0x080001d2   Section        0  libinit2.o(.ARM.Collect$$libinit$$0000000F)
    .ARM.Collect$$libinit$$00000011          0x080001d2   Section        0  libinit2.o(.ARM.Collect$$libinit$$00000011)
    .ARM.Collect$$libinit$$00000013          0x080001d2   Section        0  libinit2.o(.ARM.Collect$$libinit$$00000013)
    .ARM.Collect$$libinit$$00000015          0x080001d2   Section        0  libinit2.o(.ARM.Collect$$libinit$$00000015)
    .ARM.Collect$$libinit$$00000017          0x080001d2   Section        0  libinit2.o(.ARM.Collect$$libinit$$00000017)
    .ARM.Collect$$libinit$$00000019          0x080001d2   Section        0  libinit2.o(.ARM.Collect$$libinit$$00000019)
    .ARM.Collect$$libinit$$0000001B          0x080001d2   Section        0  libinit2.o(.ARM.Collect$$libinit$$0000001B)
    .ARM.Collect$$libinit$$0000001D          0x080001d2   Section        0  libinit2.o(.ARM.Collect$$libinit$$0000001D)
    .ARM.Collect$$libinit$$0000001F          0x080001d2   Section        0  libinit2.o(.ARM.Collect$$libinit$$0000001F)
    .ARM.Collect$$libinit$$00000020          0x080001d2   Section        4  libinit2.o(.ARM.Collect$$libinit$$00000020)
    .ARM.Collect$$libinit$$00000021          0x080001d6   Section        0  libinit2.o(.ARM.Collect$$libinit$$00000021)
    .ARM.Collect$$libinit$$00000028          0x080001d6   Section        0  libinit2.o(.ARM.Collect$$libinit$$00000028)
    .ARM.Collect$$libinit$$0000002A          0x080001d6   Section        0  libinit2.o(.ARM.Collect$$libinit$$0000002A)
    .ARM.Collect$$libinit$$0000002C          0x080001d6   Section        0  libinit2.o(.ARM.Collect$$libinit$$0000002C)
    .ARM.Collect$$libinit$$0000002E          0x080001d6   Section        0  libinit2.o(.ARM.Collect$$libinit$$0000002E)
    .ARM.Collect$$libinit$$0000002F          0x080001d6   Section        2  libinit2.o(.ARM.Collect$$libinit$$0000002F)
    .ARM.Collect$$libshutdown$$00000000      0x080001d8   Section        2  libshutdown.o(.ARM.Collect$$libshutdown$$00000000)
    .ARM.Collect$$libshutdown$$00000002      0x080001da   Section        4  libshutdown2.o(.ARM.Collect$$libshutdown$$00000002)
    .ARM.Collect$$libshutdown$$00000003      0x080001de   Section        0  libshutdown2.o(.ARM.Collect$$libshutdown$$00000003)
    .ARM.Collect$$libshutdown$$00000006      0x080001de   Section        0  libshutdown2.o(.ARM.Collect$$libshutdown$$00000006)
    .ARM.Collect$$libshutdown$$00000009      0x080001de   Section        0  libshutdown2.o(.ARM.Collect$$libshutdown$$00000009)
    .ARM.Collect$$libshutdown$$0000000B      0x080001de   Section        0  libshutdown2.o(.ARM.Collect$$libshutdown$$0000000B)
    .ARM.Collect$$libshutdown$$0000000E      0x080001de   Section        0  libshutdown2.o(.ARM.Collect$$libshutdown$$0000000E)
    .ARM.Collect$$libshutdown$$0000000F      0x080001de   Section        2  libshutdown2.o(.ARM.Collect$$libshutdown$$0000000F)
    .ARM.Collect$$rtentry$$00000000          0x080001e0   Section        0  rtentry.o(.ARM.Collect$$rtentry$$00000000)
    .ARM.Collect$$rtentry$$00000002          0x080001e0   Section        0  rtentry2.o(.ARM.Collect$$rtentry$$00000002)
    .ARM.Collect$$rtentry$$00000004          0x080001e0   Section        6  rtentry4.o(.ARM.Collect$$rtentry$$00000004)
    .ARM.Collect$$rtentry$$00000009          0x080001e6   Section        0  rtentry2.o(.ARM.Collect$$rtentry$$00000009)
    .ARM.Collect$$rtentry$$0000000A          0x080001e6   Section        4  rtentry2.o(.ARM.Collect$$rtentry$$0000000A)
    .ARM.Collect$$rtentry$$0000000C          0x080001ea   Section        0  rtentry2.o(.ARM.Collect$$rtentry$$0000000C)
    .ARM.Collect$$rtentry$$0000000D          0x080001ea   Section        8  rtentry2.o(.ARM.Collect$$rtentry$$0000000D)
    .ARM.Collect$$rtexit$$00000000           0x080001f2   Section        2  rtexit.o(.ARM.Collect$$rtexit$$00000000)
    .ARM.Collect$$rtexit$$00000002           0x080001f4   Section        0  rtexit2.o(.ARM.Collect$$rtexit$$00000002)
    .ARM.Collect$$rtexit$$00000003           0x080001f4   Section        4  rtexit2.o(.ARM.Collect$$rtexit$$00000003)
    .ARM.Collect$$rtexit$$00000004           0x080001f8   Section        6  rtexit2.o(.ARM.Collect$$rtexit$$00000004)
    .emb_text                                0x08000200   Section        0  maybetermalloc1.o(.emb_text)
    .text                                    0x08000200   Section        0  main.o(.text)
    .text                                    0x080002f4   Section        0  delay.o(.text)
    NVIC_SetPriority                         0x08000343   Thumb Code    22  delay.o(.text)
    .text                                    0x08000368   Section        0  key.o(.text)
    .text                                    0x0800041c   Section        0  led.o(.text)
    .text                                    0x08000500   Section        0  spi.o(.text)
    .text                                    0x080005dc   Section        0  can.o(.text)
    .text                                    0x08000778   Section        0  stm32f107.o(.text)
    .text                                    0x080008c8   Section        0  stm32f10x_it.o(.text)
    .text                                    0x080008e8   Section        0  nrf24l01.o(.text)
    .text                                    0x08000bf8   Section        0  misc.o(.text)
    .text                                    0x08000ca8   Section        0  stm32f10x_can.o(.text)
    CheckITStatus                            0x08001227   Thumb Code    12  stm32f10x_can.o(.text)
    .text                                    0x08001234   Section        0  stm32f10x_gpio.o(.text)
    .text                                    0x0800149c   Section        0  stm32f10x_rcc.o(.text)
    .text                                    0x08001804   Section        0  stm32f10x_spi.o(.text)
    .text                                    0x08001ab8   Section        0  stm32f10x_tim.o(.text)
    TI2_Config                               0x08001e33   Thumb Code    44  stm32f10x_tim.o(.text)
    TI1_Config                               0x08002419   Thumb Code    40  stm32f10x_tim.o(.text)
    .text                                    0x08002440   Section        0  system_stm32f10x.o(.text)
    SetSysClockTo72                          0x08002441   Thumb Code   168  system_stm32f10x.o(.text)
    .text                                    0x080025d4   Section       64  startup_stm32f10x_cl.o(.text)
    .text                                    0x08002614   Section        0  noretval__2printf.o(.text)
    .text                                    0x0800262c   Section        0  heapauxi.o(.text)
    .text                                    0x08002634   Section        0  _printf_char_file.o(.text)
    .text                                    0x08002658   Section        0  _printf_char_common.o(.text)
    _printf_input_char                       0x08002659   Thumb Code    10  _printf_char_common.o(.text)
    .text                                    0x08002688   Section        0  ferror.o(.text)
    .text                                    0x08002690   Section        0  initio.o(.text)
    .text                                    0x080027c8   Section        0  sys_io.o(.text)
    .text                                    0x0800282e   Section       74  sys_stackheap_outer.o(.text)
    .text                                    0x08002878   Section        0  h1_free.o(.text)
    .text                                    0x080028c6   Section        0  __printf_nopercent.o(.text)
    .text                                    0x080028ec   Section        0  flsbuf.o(.text)
    .text                                    0x08002acc   Section        0  setvbuf.o(.text)
    .text                                    0x08002b14   Section        0  fopen.o(.text)
    _freopen_locked                          0x08002b15   Thumb Code     0  fopen.o(.text)
    .text                                    0x08002c00   Section        0  fclose.o(.text)
    .text                                    0x08002c4c   Section        0  exit.o(.text)
    .text                                    0x08002c58   Section        0  defsig_rtred_outer.o(.text)
    .text                                    0x08002c66   Section       78  rt_memclr_w.o(.text)
    .text                                    0x08002cb4   Section        8  libspace.o(.text)
    .text                                    0x08002cbc   Section        2  use_no_semi.o(.text)
    .text                                    0x08002cbe   Section        0  indicate_semi.o(.text)
    .text                                    0x08002cc0   Section        8  rt_heap_descriptor_intlibspace.o(.text)
    .text                                    0x08002cc8   Section        0  hguard.o(.text)
    .text                                    0x08002ccc   Section        0  init_alloc.o(.text)
    .text                                    0x08002d56   Section        0  h1_alloc.o(.text)
    .text                                    0x08002db4   Section        0  fseek.o(.text)
    .text                                    0x08002eac   Section        0  stdio.o(.text)
    .text                                    0x08002f9c   Section        0  defsig_exit.o(.text)
    .text                                    0x08002fa8   Section        0  defsig_rtred_inner.o(.text)
    .text                                    0x08002fdc   Section        0  strlen.o(.text)
    .text                                    0x0800301c   Section        0  sys_exit.o(.text)
    .text                                    0x08003028   Section        8  rt_fp_status_addr_intlibspace.o(.text)
    .text                                    0x08003030   Section        0  h1_init.o(.text)
    .text                                    0x0800303e   Section        0  h1_extend.o(.text)
    .text                                    0x08003072   Section        0  ftell.o(.text)
    .text                                    0x080030b8   Section        0  defsig_general.o(.text)
    .text                                    0x080030ea   Section        0  defsig_rtmem_outer.o(.text)
    .text                                    0x080030f8   Section        0  sys_wrch.o(.text)
    .text                                    0x08003108   Section        8  rt_errno_addr_intlibspace.o(.text)
    .text                                    0x08003110   Section        0  defsig_rtmem_inner.o(.text)
    i.fputc                                  0x08003160   Section        0  fputc.o(i.fputc)
    x$fpl$fpinit                             0x0800317a   Section       14  fpinit.o(x$fpl$fpinit)
    .constdata                               0x08003188   Section        8  can.o(.constdata)
    .constdata                               0x08003190   Section       10  nrf24l01.o(.constdata)
    .constdata                               0x0800319a   Section        4  sys_io.o(.constdata)
    .constdata                               0x0800319e   Section        4  sys_io.o(.constdata)
    .constdata                               0x080031a2   Section        4  sys_io.o(.constdata)
    .data                                    0x20000000   Section        8  can.o(.data)
    .data                                    0x20000008   Section        4  stm32f10x_it.o(.data)
    .data                                    0x2000000c   Section       20  stm32f10x_rcc.o(.data)
    ADCPrescTable                            0x2000000c   Data           4  stm32f10x_rcc.o(.data)
    APBAHBPrescTable                         0x20000010   Data          16  stm32f10x_rcc.o(.data)
    .data                                    0x20000020   Section       20  system_stm32f10x.o(.data)
    .data                                    0x20000034   Section        4  stdio_streams.o(.data)
    .data                                    0x20000038   Section        4  stdio_streams.o(.data)
    .data                                    0x2000003c   Section        4  stdio_streams.o(.data)
    .bss                                     0x20000040   Section       80  stdio_streams.o(.bss)
    .bss                                     0x20000090   Section       80  stdio_streams.o(.bss)
    .bss                                     0x200000e0   Section       80  stdio_streams.o(.bss)
    .bss                                     0x20000130   Section       96  libspace.o(.bss)
    HEAP                                     0x20000190   Section      512  startup_stm32f10x_cl.o(HEAP)
    Heap_Mem                                 0x20000190   Data         512  startup_stm32f10x_cl.o(HEAP)
    STACK                                    0x20000390   Section     1024  startup_stm32f10x_cl.o(STACK)
    Stack_Mem                                0x20000390   Data        1024  startup_stm32f10x_cl.o(STACK)
    __initial_sp                             0x20000790   Data           0  startup_stm32f10x_cl.o(STACK)

    Global Symbols

    Symbol Name                              Value     Ov Type        Size  Object(Section)

    BuildAttributes$$THM_ISAv4$P$D$K$B$S$PE$A:L22UL41UL21$X:L11$S22US41US21$IEEE1$IW$USESV6$~STKCKD$USESV7$~SHL$OTIME$ROPI$EBA8$UX$STANDARDLIB$REQ8$PRES8$EABIv2 0x00000000   Number         0  anon$$obj.o ABSOLUTE
    __ARM_use_no_argv                        0x00000000   Number         0  main.o ABSOLUTE
    __ARM_exceptions_init                     - Undefined Weak Reference
    __alloca_initialize                       - Undefined Weak Reference
    __cpp_initialize__aeabi_                  - Undefined Weak Reference
    __cxa_finalize                            - Undefined Weak Reference
    __rt_locale                               - Undefined Weak Reference
    __sigvec_lookup                           - Undefined Weak Reference
    __user_heap_extent                        - Undefined Weak Reference
    _atexit_init                              - Undefined Weak Reference
    _call_atexit_fns                          - Undefined Weak Reference
    _clock_init                               - Undefined Weak Reference
    _fp_trap_init                             - Undefined Weak Reference
    _fp_trap_shutdown                         - Undefined Weak Reference
    _get_lc_collate                           - Undefined Weak Reference
    _get_lc_ctype                             - Undefined Weak Reference
    _get_lc_monetary                          - Undefined Weak Reference
    _get_lc_numeric                           - Undefined Weak Reference
    _get_lc_time                              - Undefined Weak Reference
    _getenv_init                              - Undefined Weak Reference
    _handle_redirection                       - Undefined Weak Reference
    _mutex_acquire                            - Undefined Weak Reference
    _mutex_free                               - Undefined Weak Reference
    _mutex_release                            - Undefined Weak Reference
    _rand_init                                - Undefined Weak Reference
    _signal_finish                            - Undefined Weak Reference
    _signal_init                              - Undefined Weak Reference
    __Vectors_Size                           0x00000150   Number         0  startup_stm32f10x_cl.o ABSOLUTE
    __Vectors                                0x08000000   Data           4  startup_stm32f10x_cl.o(RESET)
    __Vectors_End                            0x08000150   Data           0  startup_stm32f10x_cl.o(RESET)
    __main                                   0x08000151   Thumb Code     8  __main.o(!!!main)
    __scatterload                            0x08000159   Thumb Code     0  __scatter.o(!!!scatter)
    __scatterload_rt2                        0x08000159   Thumb Code    44  __scatter.o(!!!scatter)
    __scatterload_rt2_thumb_only             0x08000159   Thumb Code     0  __scatter.o(!!!scatter)
    __scatterload_null                       0x08000167   Thumb Code     0  __scatter.o(!!!scatter)
    __scatterload_copy                       0x0800018d   Thumb Code    26  __scatter_copy.o(!!handler_copy)
    __scatterload_zeroinit                   0x080001a9   Thumb Code    28  __scatter_zi.o(!!handler_zi)
    __rt_lib_init                            0x080001c5   Thumb Code     0  libinit.o(.ARM.Collect$$libinit$$00000000)
    __rt_lib_init_heap_2                     0x080001cb   Thumb Code     0  libinit2.o(.ARM.Collect$$libinit$$00000001)
    __rt_lib_init_atexit_1                   0x080001d3   Thumb Code     0  libinit2.o(.ARM.Collect$$libinit$$00000017)
    __rt_lib_init_clock_1                    0x080001d3   Thumb Code     0  libinit2.o(.ARM.Collect$$libinit$$0000001D)
    __rt_lib_init_fp_trap_1                  0x080001d3   Thumb Code     0  libinit2.o(.ARM.Collect$$libinit$$0000001B)
    __rt_lib_init_getenv_1                   0x080001d3   Thumb Code     0  libinit2.o(.ARM.Collect$$libinit$$0000001F)
    __rt_lib_init_heap_1                     0x080001d3   Thumb Code     0  libinit2.o(.ARM.Collect$$libinit$$00000006)
    __rt_lib_init_lc_collate_1               0x080001d3   Thumb Code     0  libinit2.o(.ARM.Collect$$libinit$$0000000D)
    __rt_lib_init_lc_ctype_1                 0x080001d3   Thumb Code     0  libinit2.o(.ARM.Collect$$libinit$$0000000F)
    __rt_lib_init_lc_monetary_1              0x080001d3   Thumb Code     0  libinit2.o(.ARM.Collect$$libinit$$00000011)
    __rt_lib_init_lc_numeric_1               0x080001d3   Thumb Code     0  libinit2.o(.ARM.Collect$$libinit$$00000013)
    __rt_lib_init_lc_time_1                  0x080001d3   Thumb Code     0  libinit2.o(.ARM.Collect$$libinit$$00000015)
    __rt_lib_init_rand_1                     0x080001d3   Thumb Code     0  libinit2.o(.ARM.Collect$$libinit$$0000000A)
    __rt_lib_init_signal_1                   0x080001d3   Thumb Code     0  libinit2.o(.ARM.Collect$$libinit$$00000019)
    __rt_lib_init_stdio_2                    0x080001d3   Thumb Code     0  libinit2.o(.ARM.Collect$$libinit$$00000020)
    __rt_lib_init_user_alloc_1               0x080001d3   Thumb Code     0  libinit2.o(.ARM.Collect$$libinit$$00000008)
    __rt_lib_init_alloca_1                   0x080001d7   Thumb Code     0  libinit2.o(.ARM.Collect$$libinit$$0000002A)
    __rt_lib_init_argv_1                     0x080001d7   Thumb Code     0  libinit2.o(.ARM.Collect$$libinit$$00000028)
    __rt_lib_init_cpp_1                      0x080001d7   Thumb Code     0  libinit2.o(.ARM.Collect$$libinit$$0000002E)
    __rt_lib_init_exceptions_1               0x080001d7   Thumb Code     0  libinit2.o(.ARM.Collect$$libinit$$0000002C)
    __rt_lib_init_return                     0x080001d7   Thumb Code     0  libinit2.o(.ARM.Collect$$libinit$$0000002F)
    __rt_lib_init_stdio_1                    0x080001d7   Thumb Code     0  libinit2.o(.ARM.Collect$$libinit$$00000021)
    __rt_lib_shutdown                        0x080001d9   Thumb Code     0  libshutdown.o(.ARM.Collect$$libshutdown$$00000000)
    __rt_lib_shutdown_stdio_2                0x080001db   Thumb Code     0  libshutdown2.o(.ARM.Collect$$libshutdown$$00000002)
    __rt_lib_shutdown_fp_trap_1              0x080001df   Thumb Code     0  libshutdown2.o(.ARM.Collect$$libshutdown$$00000006)
    __rt_lib_shutdown_heap_1                 0x080001df   Thumb Code     0  libshutdown2.o(.ARM.Collect$$libshutdown$$0000000E)
    __rt_lib_shutdown_return                 0x080001df   Thumb Code     0  libshutdown2.o(.ARM.Collect$$libshutdown$$0000000F)
    __rt_lib_shutdown_signal_1               0x080001df   Thumb Code     0  libshutdown2.o(.ARM.Collect$$libshutdown$$00000009)
    __rt_lib_shutdown_stdio_1                0x080001df   Thumb Code     0  libshutdown2.o(.ARM.Collect$$libshutdown$$00000003)
    __rt_lib_shutdown_user_alloc_1           0x080001df   Thumb Code     0  libshutdown2.o(.ARM.Collect$$libshutdown$$0000000B)
    __rt_entry                               0x080001e1   Thumb Code     0  rtentry.o(.ARM.Collect$$rtentry$$00000000)
    __rt_entry_presh_1                       0x080001e1   Thumb Code     0  rtentry2.o(.ARM.Collect$$rtentry$$00000002)
    __rt_entry_sh                            0x080001e1   Thumb Code     0  rtentry4.o(.ARM.Collect$$rtentry$$00000004)
    __rt_entry_li                            0x080001e7   Thumb Code     0  rtentry2.o(.ARM.Collect$$rtentry$$0000000A)
    __rt_entry_postsh_1                      0x080001e7   Thumb Code     0  rtentry2.o(.ARM.Collect$$rtentry$$00000009)
    __rt_entry_main                          0x080001eb   Thumb Code     0  rtentry2.o(.ARM.Collect$$rtentry$$0000000D)
    __rt_entry_postli_1                      0x080001eb   Thumb Code     0  rtentry2.o(.ARM.Collect$$rtentry$$0000000C)
    __rt_exit                                0x080001f3   Thumb Code     0  rtexit.o(.ARM.Collect$$rtexit$$00000000)
    __rt_exit_ls                             0x080001f5   Thumb Code     0  rtexit2.o(.ARM.Collect$$rtexit$$00000003)
    __rt_exit_prels_1                        0x080001f5   Thumb Code     0  rtexit2.o(.ARM.Collect$$rtexit$$00000002)
    __rt_exit_exit                           0x080001f9   Thumb Code     0  rtexit2.o(.ARM.Collect$$rtexit$$00000004)
    _maybe_terminate_alloc                   0x08000201   Thumb Code     0  maybetermalloc1.o(.emb_text)
    main                                     0x08000201   Thumb Code   176  main.o(.text)
    SysTick_Configuration                    0x080002f5   Thumb Code    64  delay.o(.text)
    delay_ms                                 0x08000335   Thumb Code    14  delay.o(.text)
    Key_Configuration                        0x08000369   Thumb Code    40  key.o(.text)
    Key_Value                                0x08000391   Thumb Code   134  key.o(.text)
    LED_Configuration                        0x0800041d   Thumb Code    38  led.o(.text)
    LED_Blink                                0x08000443   Thumb Code   100  led.o(.text)
    One_LED_ON                               0x080004a7   Thumb Code    80  led.o(.text)
    SPI_ReadWriteByte                        0x08000501   Thumb Code    74  spi.o(.text)
    WIRELESS_SPI_Init                        0x0800054b   Thumb Code   134  spi.o(.text)
    Filter_List                              0x080005dd   Thumb Code   112  can.o(.text)
    CAN_Configuration                        0x0800064d   Thumb Code   114  can.o(.text)
    Can1_WriteData                           0x080006bf   Thumb Code    58  can.o(.text)
    CAN2_RX0_IRQHandler                      0x080006f9   Thumb Code   112  can.o(.text)
    NVIC_Configuration                       0x08000779   Thumb Code    64  stm32f107.o(.text)
    GPIO_Configuration                       0x080007b9   Thumb Code   168  stm32f107.o(.text)
    TIM_Configuration                        0x08000861   Thumb Code    80  stm32f107.o(.text)
    TIM2_IRQHandler                          0x080008b1   Thumb Code     2  stm32f107.o(.text)
    System_Setup                             0x080008b3   Thumb Code     4  stm32f107.o(.text)
    NMI_Handler                              0x080008c9   Thumb Code     2  stm32f10x_it.o(.text)
    HardFault_Handler                        0x080008cb   Thumb Code     2  stm32f10x_it.o(.text)
    MemManage_Handler                        0x080008cd   Thumb Code     2  stm32f10x_it.o(.text)
    BusFault_Handler                         0x080008cf   Thumb Code     2  stm32f10x_it.o(.text)
    UsageFault_Handler                       0x080008d1   Thumb Code     2  stm32f10x_it.o(.text)
    SVC_Handler                              0x080008d3   Thumb Code     2  stm32f10x_it.o(.text)
    DebugMon_Handler                         0x080008d5   Thumb Code     2  stm32f10x_it.o(.text)
    PendSV_Handler                           0x080008d7   Thumb Code     2  stm32f10x_it.o(.text)
    SysTick_Handler                          0x080008d9   Thumb Code    10  stm32f10x_it.o(.text)
    NRF24L01_Init                            0x080008e9   Thumb Code   146  nrf24l01.o(.text)
    NRF24L01_Read_Buf                        0x0800097b   Thumb Code    68  nrf24l01.o(.text)
    NRF24L01_Write_Buf                       0x080009bf   Thumb Code    66  nrf24l01.o(.text)
    NRF24L01_Check                           0x08000a01   Thumb Code    64  nrf24l01.o(.text)
    NRF24L01_Write_Reg                       0x08000a41   Thumb Code    50  nrf24l01.o(.text)
    NRF24L01_Read_Reg                        0x08000a73   Thumb Code    44  nrf24l01.o(.text)
    NRF24L01_TxPacket                        0x08000a9f   Thumb Code    94  nrf24l01.o(.text)
    NRF24L01_RxPacket                        0x08000afd   Thumb Code    50  nrf24l01.o(.text)
    RX_Mode                                  0x08000b2f   Thumb Code    86  nrf24l01.o(.text)
    TX_Mode                                  0x08000b85   Thumb Code    98  nrf24l01.o(.text)
    NVIC_PriorityGroupConfig                 0x08000bf9   Thumb Code    10  misc.o(.text)
    NVIC_Init                                0x08000c03   Thumb Code    90  misc.o(.text)
    NVIC_SetVectorTable                      0x08000c5d   Thumb Code    14  misc.o(.text)
    NVIC_SystemLPConfig                      0x08000c6b   Thumb Code    20  misc.o(.text)
    SysTick_CLKSourceConfig                  0x08000c7f   Thumb Code    24  misc.o(.text)
    CAN_DeInit                               0x08000ca9   Thumb Code    38  stm32f10x_can.o(.text)
    CAN_Init                                 0x08000ccf   Thumb Code   232  stm32f10x_can.o(.text)
    CAN_FilterInit                           0x08000db7   Thumb Code   188  stm32f10x_can.o(.text)
    CAN_StructInit                           0x08000e73   Thumb Code    32  stm32f10x_can.o(.text)
    CAN_SlaveStartBank                       0x08000e93   Thumb Code    38  stm32f10x_can.o(.text)
    CAN_ITConfig                             0x08000eb9   Thumb Code    16  stm32f10x_can.o(.text)
    CAN_Transmit                             0x08000ec9   Thumb Code   154  stm32f10x_can.o(.text)
    CAN_TransmitStatus                       0x08000f63   Thumb Code   118  stm32f10x_can.o(.text)
    CAN_CancelTransmit                       0x08000fd9   Thumb Code    36  stm32f10x_can.o(.text)
    CAN_FIFORelease                          0x08000ffd   Thumb Code    12  stm32f10x_can.o(.text)
    CAN_MessagePending                       0x08001009   Thumb Code    22  stm32f10x_can.o(.text)
    CAN_Receive                              0x0800101f   Thumb Code   128  stm32f10x_can.o(.text)
    CAN_DBGFreeze                            0x0800109f   Thumb Code    20  stm32f10x_can.o(.text)
    CAN_Sleep                                0x080010b3   Thumb Code    30  stm32f10x_can.o(.text)
    CAN_WakeUp                               0x080010d1   Thumb Code    42  stm32f10x_can.o(.text)
    CAN_GetFlagStatus                        0x080010fb   Thumb Code    14  stm32f10x_can.o(.text)
    CAN_ClearFlag                            0x08001109   Thumb Code     8  stm32f10x_can.o(.text)
    CAN_GetITStatus                          0x08001111   Thumb Code   142  stm32f10x_can.o(.text)
    CAN_ClearITPendingBit                    0x0800119f   Thumb Code   136  stm32f10x_can.o(.text)
    GPIO_DeInit                              0x08001235   Thumb Code   152  stm32f10x_gpio.o(.text)
    GPIO_AFIODeInit                          0x080012cd   Thumb Code    22  stm32f10x_gpio.o(.text)
    GPIO_Init                                0x080012e3   Thumb Code   156  stm32f10x_gpio.o(.text)
    GPIO_StructInit                          0x0800137f   Thumb Code    16  stm32f10x_gpio.o(.text)
    GPIO_ReadInputDataBit                    0x0800138f   Thumb Code    14  stm32f10x_gpio.o(.text)
    GPIO_ReadInputData                       0x0800139d   Thumb Code     6  stm32f10x_gpio.o(.text)
    GPIO_ReadOutputDataBit                   0x080013a3   Thumb Code    14  stm32f10x_gpio.o(.text)
    GPIO_ReadOutputData                      0x080013b1   Thumb Code     6  stm32f10x_gpio.o(.text)
    GPIO_SetBits                             0x080013b7   Thumb Code     4  stm32f10x_gpio.o(.text)
    GPIO_ResetBits                           0x080013bb   Thumb Code     4  stm32f10x_gpio.o(.text)
    GPIO_WriteBit                            0x080013bf   Thumb Code    10  stm32f10x_gpio.o(.text)
    GPIO_Write                               0x080013c9   Thumb Code     4  stm32f10x_gpio.o(.text)
    GPIO_PinLockConfig                       0x080013cd   Thumb Code    16  stm32f10x_gpio.o(.text)
    GPIO_EventOutputConfig                   0x080013dd   Thumb Code    22  stm32f10x_gpio.o(.text)
    GPIO_EventOutputCmd                      0x080013f3   Thumb Code     6  stm32f10x_gpio.o(.text)
    GPIO_PinRemapConfig                      0x080013f9   Thumb Code    82  stm32f10x_gpio.o(.text)
    GPIO_EXTILineConfig                      0x0800144b   Thumb Code    34  stm32f10x_gpio.o(.text)
    GPIO_ETH_MediaInterfaceConfig            0x0800146d   Thumb Code     6  stm32f10x_gpio.o(.text)
    RCC_DeInit                               0x0800149d   Thumb Code    62  stm32f10x_rcc.o(.text)
    RCC_HSEConfig                            0x080014db   Thumb Code    48  stm32f10x_rcc.o(.text)
    RCC_GetFlagStatus                        0x0800150b   Thumb Code    42  stm32f10x_rcc.o(.text)
    RCC_WaitForHSEStartUp                    0x08001535   Thumb Code    38  stm32f10x_rcc.o(.text)
    RCC_AdjustHSICalibrationValue            0x0800155b   Thumb Code    16  stm32f10x_rcc.o(.text)
    RCC_HSICmd                               0x0800156b   Thumb Code     6  stm32f10x_rcc.o(.text)
    RCC_PLLConfig                            0x08001571   Thumb Code    16  stm32f10x_rcc.o(.text)
    RCC_PLLCmd                               0x08001581   Thumb Code     6  stm32f10x_rcc.o(.text)
    RCC_PREDIV1Config                        0x08001587   Thumb Code    18  stm32f10x_rcc.o(.text)
    RCC_PREDIV2Config                        0x08001599   Thumb Code    14  stm32f10x_rcc.o(.text)
    RCC_PLL2Config                           0x080015a7   Thumb Code    14  stm32f10x_rcc.o(.text)
    RCC_PLL2Cmd                              0x080015b5   Thumb Code     6  stm32f10x_rcc.o(.text)
    RCC_PLL3Config                           0x080015bb   Thumb Code    14  stm32f10x_rcc.o(.text)
    RCC_PLL3Cmd                              0x080015c9   Thumb Code     6  stm32f10x_rcc.o(.text)
    RCC_SYSCLKConfig                         0x080015cf   Thumb Code    14  stm32f10x_rcc.o(.text)
    RCC_GetSYSCLKSource                      0x080015dd   Thumb Code    10  stm32f10x_rcc.o(.text)
    RCC_HCLKConfig                           0x080015e7   Thumb Code    14  stm32f10x_rcc.o(.text)
    RCC_PCLK1Config                          0x080015f5   Thumb Code    14  stm32f10x_rcc.o(.text)
    RCC_PCLK2Config                          0x08001603   Thumb Code    16  stm32f10x_rcc.o(.text)
    RCC_ITConfig                             0x08001613   Thumb Code    18  stm32f10x_rcc.o(.text)
    RCC_OTGFSCLKConfig                       0x08001625   Thumb Code     6  stm32f10x_rcc.o(.text)
    RCC_ADCCLKConfig                         0x0800162b   Thumb Code    14  stm32f10x_rcc.o(.text)
    RCC_I2S2CLKConfig                        0x08001639   Thumb Code     6  stm32f10x_rcc.o(.text)
    RCC_I2S3CLKConfig                        0x0800163f   Thumb Code     8  stm32f10x_rcc.o(.text)
    RCC_LSEConfig                            0x08001647   Thumb Code    26  stm32f10x_rcc.o(.text)
    RCC_LSICmd                               0x08001661   Thumb Code     6  stm32f10x_rcc.o(.text)
    RCC_RTCCLKConfig                         0x08001667   Thumb Code    10  stm32f10x_rcc.o(.text)
    RCC_RTCCLKCmd                            0x08001671   Thumb Code     8  stm32f10x_rcc.o(.text)
    RCC_GetClocksFreq                        0x08001679   Thumb Code   182  stm32f10x_rcc.o(.text)
    RCC_AHBPeriphClockCmd                    0x0800172f   Thumb Code    18  stm32f10x_rcc.o(.text)
    RCC_APB2PeriphClockCmd                   0x08001741   Thumb Code    18  stm32f10x_rcc.o(.text)
    RCC_APB1PeriphClockCmd                   0x08001753   Thumb Code    18  stm32f10x_rcc.o(.text)
    RCC_AHBPeriphResetCmd                    0x08001765   Thumb Code    18  stm32f10x_rcc.o(.text)
    RCC_APB2PeriphResetCmd                   0x08001777   Thumb Code    18  stm32f10x_rcc.o(.text)
    RCC_APB1PeriphResetCmd                   0x08001789   Thumb Code    18  stm32f10x_rcc.o(.text)
    RCC_BackupResetCmd                       0x0800179b   Thumb Code     8  stm32f10x_rcc.o(.text)
    RCC_ClockSecuritySystemCmd               0x080017a3   Thumb Code     6  stm32f10x_rcc.o(.text)
    RCC_MCOConfig                            0x080017a9   Thumb Code     6  stm32f10x_rcc.o(.text)
    RCC_ClearFlag                            0x080017af   Thumb Code    12  stm32f10x_rcc.o(.text)
    RCC_GetITStatus                          0x080017bb   Thumb Code    16  stm32f10x_rcc.o(.text)
    RCC_ClearITPendingBit                    0x080017cb   Thumb Code     6  stm32f10x_rcc.o(.text)
    SPI_I2S_DeInit                           0x08001805   Thumb Code    72  stm32f10x_spi.o(.text)
    SPI_Init                                 0x0800184d   Thumb Code    56  stm32f10x_spi.o(.text)
    I2S_Init                                 0x08001885   Thumb Code   210  stm32f10x_spi.o(.text)
    SPI_StructInit                           0x08001957   Thumb Code    24  stm32f10x_spi.o(.text)
    I2S_StructInit                           0x0800196f   Thumb Code    18  stm32f10x_spi.o(.text)
    SPI_Cmd                                  0x08001981   Thumb Code    20  stm32f10x_spi.o(.text)
    I2S_Cmd                                  0x08001995   Thumb Code    20  stm32f10x_spi.o(.text)
    SPI_I2S_ITConfig                         0x080019a9   Thumb Code    24  stm32f10x_spi.o(.text)
    SPI_I2S_DMACmd                           0x080019c1   Thumb Code    16  stm32f10x_spi.o(.text)
    SPI_I2S_SendData                         0x080019d1   Thumb Code     4  stm32f10x_spi.o(.text)
    SPI_I2S_ReceiveData                      0x080019d5   Thumb Code     4  stm32f10x_spi.o(.text)
    SPI_NSSInternalSoftwareConfig            0x080019d9   Thumb Code    24  stm32f10x_spi.o(.text)
    SPI_SSOutputCmd                          0x080019f1   Thumb Code    20  stm32f10x_spi.o(.text)
    SPI_DataSizeConfig                       0x08001a05   Thumb Code    16  stm32f10x_spi.o(.text)
    SPI_TransmitCRC                          0x08001a15   Thumb Code    10  stm32f10x_spi.o(.text)
    SPI_CalculateCRC                         0x08001a1f   Thumb Code    20  stm32f10x_spi.o(.text)
    SPI_GetCRC                               0x08001a33   Thumb Code    12  stm32f10x_spi.o(.text)
    SPI_GetCRCPolynomial                     0x08001a3f   Thumb Code     4  stm32f10x_spi.o(.text)
    SPI_BiDirectionalLineConfig              0x08001a43   Thumb Code    22  stm32f10x_spi.o(.text)
    SPI_I2S_GetFlagStatus                    0x08001a59   Thumb Code    14  stm32f10x_spi.o(.text)
    SPI_I2S_ClearFlag                        0x08001a67   Thumb Code     6  stm32f10x_spi.o(.text)
    SPI_I2S_GetITStatus                      0x08001a6d   Thumb Code    42  stm32f10x_spi.o(.text)
    SPI_I2S_ClearITPendingBit                0x08001a97   Thumb Code    14  stm32f10x_spi.o(.text)
    TIM_DeInit                               0x08001ab9   Thumb Code   304  stm32f10x_tim.o(.text)
    TIM_TimeBaseInit                         0x08001be9   Thumb Code   114  stm32f10x_tim.o(.text)
    TIM_OC1Init                              0x08001c5b   Thumb Code   106  stm32f10x_tim.o(.text)
    TIM_OC2Init                              0x08001cc5   Thumb Code   116  stm32f10x_tim.o(.text)
    TIM_OC3Init                              0x08001d39   Thumb Code   112  stm32f10x_tim.o(.text)
    TIM_OC4Init                              0x08001da9   Thumb Code    86  stm32f10x_tim.o(.text)
    TIM_SetIC4Prescaler                      0x08001dff   Thumb Code    18  stm32f10x_tim.o(.text)
    TIM_SetIC3Prescaler                      0x08001e11   Thumb Code    16  stm32f10x_tim.o(.text)
    TIM_SetIC2Prescaler                      0x08001e21   Thumb Code    18  stm32f10x_tim.o(.text)
    TIM_SetIC1Prescaler                      0x08001e5f   Thumb Code    16  stm32f10x_tim.o(.text)
    TIM_ICInit                               0x08001e6f   Thumb Code   220  stm32f10x_tim.o(.text)
    TIM_PWMIConfig                           0x08001f4b   Thumb Code   104  stm32f10x_tim.o(.text)
    TIM_BDTRConfig                           0x08001fb3   Thumb Code    34  stm32f10x_tim.o(.text)
    TIM_TimeBaseStructInit                   0x08001fd5   Thumb Code    18  stm32f10x_tim.o(.text)
    TIM_OCStructInit                         0x08001fe7   Thumb Code    20  stm32f10x_tim.o(.text)
    TIM_ICStructInit                         0x08001ffb   Thumb Code    16  stm32f10x_tim.o(.text)
    TIM_BDTRStructInit                       0x0800200b   Thumb Code    18  stm32f10x_tim.o(.text)
    TIM_Cmd                                  0x0800201d   Thumb Code    20  stm32f10x_tim.o(.text)
    TIM_CtrlPWMOutputs                       0x08002031   Thumb Code    22  stm32f10x_tim.o(.text)
    TIM_ITConfig                             0x08002047   Thumb Code    16  stm32f10x_tim.o(.text)
    TIM_GenerateEvent                        0x08002057   Thumb Code     4  stm32f10x_tim.o(.text)
    TIM_DMAConfig                            0x0800205b   Thumb Code     8  stm32f10x_tim.o(.text)
    TIM_DMACmd                               0x08002063   Thumb Code    16  stm32f10x_tim.o(.text)
    TIM_InternalClockConfig                  0x08002073   Thumb Code    10  stm32f10x_tim.o(.text)
    TIM_SelectInputTrigger                   0x0800207d   Thumb Code    12  stm32f10x_tim.o(.text)
    TIM_ITRxExternalClockConfig              0x08002089   Thumb Code    18  stm32f10x_tim.o(.text)
    TIM_TIxExternalClockConfig               0x0800209b   Thumb Code    44  stm32f10x_tim.o(.text)
    TIM_ETRConfig                            0x080020c7   Thumb Code    18  stm32f10x_tim.o(.text)
    TIM_ETRClockMode1Config                  0x080020d9   Thumb Code    18  stm32f10x_tim.o(.text)
    TIM_ETRClockMode2Config                  0x080020eb   Thumb Code    18  stm32f10x_tim.o(.text)
    TIM_PrescalerConfig                      0x080020fd   Thumb Code     6  stm32f10x_tim.o(.text)
    TIM_CounterModeConfig                    0x08002103   Thumb Code    12  stm32f10x_tim.o(.text)
    TIM_EncoderInterfaceConfig               0x0800210f   Thumb Code    44  stm32f10x_tim.o(.text)
    TIM_ForcedOC1Config                      0x0800213b   Thumb Code    12  stm32f10x_tim.o(.text)
    TIM_ForcedOC2Config                      0x08002147   Thumb Code    14  stm32f10x_tim.o(.text)
    TIM_ForcedOC3Config                      0x08002155   Thumb Code    12  stm32f10x_tim.o(.text)
    TIM_ForcedOC4Config                      0x08002161   Thumb Code    14  stm32f10x_tim.o(.text)
    TIM_ARRPreloadConfig                     0x0800216f   Thumb Code    20  stm32f10x_tim.o(.text)
    TIM_SelectCOM                            0x08002183   Thumb Code    20  stm32f10x_tim.o(.text)
    TIM_SelectCCDMA                          0x08002197   Thumb Code    20  stm32f10x_tim.o(.text)
    TIM_CCPreloadControl                     0x080021ab   Thumb Code    20  stm32f10x_tim.o(.text)
    TIM_OC1PreloadConfig                     0x080021bf   Thumb Code    12  stm32f10x_tim.o(.text)
    TIM_OC2PreloadConfig                     0x080021cb   Thumb Code    14  stm32f10x_tim.o(.text)
    TIM_OC3PreloadConfig                     0x080021d9   Thumb Code    12  stm32f10x_tim.o(.text)
    TIM_OC4PreloadConfig                     0x080021e5   Thumb Code    14  stm32f10x_tim.o(.text)
    TIM_OC1FastConfig                        0x080021f3   Thumb Code    12  stm32f10x_tim.o(.text)
    TIM_OC2FastConfig                        0x080021ff   Thumb Code    14  stm32f10x_tim.o(.text)
    TIM_OC3FastConfig                        0x0800220d   Thumb Code    12  stm32f10x_tim.o(.text)
    TIM_OC4FastConfig                        0x08002219   Thumb Code    14  stm32f10x_tim.o(.text)
    TIM_ClearOC1Ref                          0x08002227   Thumb Code    12  stm32f10x_tim.o(.text)
    TIM_ClearOC2Ref                          0x08002233   Thumb Code    14  stm32f10x_tim.o(.text)
    TIM_ClearOC3Ref                          0x08002241   Thumb Code    12  stm32f10x_tim.o(.text)
    TIM_ClearOC4Ref                          0x0800224d   Thumb Code    14  stm32f10x_tim.o(.text)
    TIM_OC1PolarityConfig                    0x0800225b   Thumb Code    12  stm32f10x_tim.o(.text)
    TIM_OC1NPolarityConfig                   0x08002267   Thumb Code    12  stm32f10x_tim.o(.text)
    TIM_OC2PolarityConfig                    0x08002273   Thumb Code    14  stm32f10x_tim.o(.text)
    TIM_OC2NPolarityConfig                   0x08002281   Thumb Code    14  stm32f10x_tim.o(.text)
    TIM_OC3PolarityConfig                    0x0800228f   Thumb Code    14  stm32f10x_tim.o(.text)
    TIM_OC3NPolarityConfig                   0x0800229d   Thumb Code    14  stm32f10x_tim.o(.text)
    TIM_OC4PolarityConfig                    0x080022ab   Thumb Code    14  stm32f10x_tim.o(.text)
    TIM_CCxCmd                               0x080022b9   Thumb Code    22  stm32f10x_tim.o(.text)
    TIM_CCxNCmd                              0x080022cf   Thumb Code    22  stm32f10x_tim.o(.text)
    TIM_SelectOCxM                           0x080022e5   Thumb Code    66  stm32f10x_tim.o(.text)
    TIM_UpdateDisableConfig                  0x08002327   Thumb Code    20  stm32f10x_tim.o(.text)
    TIM_UpdateRequestConfig                  0x0800233b   Thumb Code    20  stm32f10x_tim.o(.text)
    TIM_SelectHallSensor                     0x0800234f   Thumb Code    20  stm32f10x_tim.o(.text)
    TIM_SelectOnePulseMode                   0x08002363   Thumb Code    16  stm32f10x_tim.o(.text)
    TIM_SelectOutputTrigger                  0x08002373   Thumb Code    16  stm32f10x_tim.o(.text)
    TIM_SelectSlaveMode                      0x08002383   Thumb Code    16  stm32f10x_tim.o(.text)
    TIM_SelectMasterSlaveMode                0x08002393   Thumb Code    16  stm32f10x_tim.o(.text)
    TIM_SetCounter                           0x080023a3   Thumb Code     4  stm32f10x_tim.o(.text)
    TIM_SetAutoreload                        0x080023a7   Thumb Code     4  stm32f10x_tim.o(.text)
    TIM_SetCompare1                          0x080023ab   Thumb Code     4  stm32f10x_tim.o(.text)
    TIM_SetCompare2                          0x080023af   Thumb Code     4  stm32f10x_tim.o(.text)
    TIM_SetCompare3                          0x080023b3   Thumb Code     4  stm32f10x_tim.o(.text)
    TIM_SetCompare4                          0x080023b7   Thumb Code     6  stm32f10x_tim.o(.text)
    TIM_SetClockDivision                     0x080023bd   Thumb Code    16  stm32f10x_tim.o(.text)
    TIM_GetCapture1                          0x080023cd   Thumb Code     4  stm32f10x_tim.o(.text)
    TIM_GetCapture2                          0x080023d1   Thumb Code     4  stm32f10x_tim.o(.text)
    TIM_GetCapture3                          0x080023d5   Thumb Code     4  stm32f10x_tim.o(.text)
    TIM_GetCapture4                          0x080023d9   Thumb Code     6  stm32f10x_tim.o(.text)
    TIM_GetCounter                           0x080023df   Thumb Code     4  stm32f10x_tim.o(.text)
    TIM_GetPrescaler                         0x080023e3   Thumb Code     4  stm32f10x_tim.o(.text)
    TIM_GetFlagStatus                        0x080023e7   Thumb Code    14  stm32f10x_tim.o(.text)
    TIM_ClearFlag                            0x080023f5   Thumb Code     6  stm32f10x_tim.o(.text)
    TIM_GetITStatus                          0x080023fb   Thumb Code    24  stm32f10x_tim.o(.text)
    TIM_ClearITPendingBit                    0x08002413   Thumb Code     6  stm32f10x_tim.o(.text)
    SystemInit                               0x080024e9   Thumb Code    62  system_stm32f10x.o(.text)
    SystemCoreClockUpdate                    0x08002527   Thumb Code   134  system_stm32f10x.o(.text)
    Reset_Handler                            0x080025d5   Thumb Code     8  startup_stm32f10x_cl.o(.text)
    ADC1_2_IRQHandler                        0x080025ef   Thumb Code     0  startup_stm32f10x_cl.o(.text)
    CAN1_RX0_IRQHandler                      0x080025ef   Thumb Code     0  startup_stm32f10x_cl.o(.text)
    CAN1_RX1_IRQHandler                      0x080025ef   Thumb Code     0  startup_stm32f10x_cl.o(.text)
    CAN1_SCE_IRQHandler                      0x080025ef   Thumb Code     0  startup_stm32f10x_cl.o(.text)
    CAN1_TX_IRQHandler                       0x080025ef   Thumb Code     0  startup_stm32f10x_cl.o(.text)
    CAN2_RX1_IRQHandler                      0x080025ef   Thumb Code     0  startup_stm32f10x_cl.o(.text)
    CAN2_SCE_IRQHandler                      0x080025ef   Thumb Code     0  startup_stm32f10x_cl.o(.text)
    CAN2_TX_IRQHandler                       0x080025ef   Thumb Code     0  startup_stm32f10x_cl.o(.text)
    DMA1_Channel1_IRQHandler                 0x080025ef   Thumb Code     0  startup_stm32f10x_cl.o(.text)
    DMA1_Channel2_IRQHandler                 0x080025ef   Thumb Code     0  startup_stm32f10x_cl.o(.text)
    DMA1_Channel3_IRQHandler                 0x080025ef   Thumb Code     0  startup_stm32f10x_cl.o(.text)
    DMA1_Channel4_IRQHandler                 0x080025ef   Thumb Code     0  startup_stm32f10x_cl.o(.text)
    DMA1_Channel5_IRQHandler                 0x080025ef   Thumb Code     0  startup_stm32f10x_cl.o(.text)
    DMA1_Channel6_IRQHandler                 0x080025ef   Thumb Code     0  startup_stm32f10x_cl.o(.text)
    DMA1_Channel7_IRQHandler                 0x080025ef   Thumb Code     0  startup_stm32f10x_cl.o(.text)
    DMA2_Channel1_IRQHandler                 0x080025ef   Thumb Code     0  startup_stm32f10x_cl.o(.text)
    DMA2_Channel2_IRQHandler                 0x080025ef   Thumb Code     0  startup_stm32f10x_cl.o(.text)
    DMA2_Channel3_IRQHandler                 0x080025ef   Thumb Code     0  startup_stm32f10x_cl.o(.text)
    DMA2_Channel4_IRQHandler                 0x080025ef   Thumb Code     0  startup_stm32f10x_cl.o(.text)
    DMA2_Channel5_IRQHandler                 0x080025ef   Thumb Code     0  startup_stm32f10x_cl.o(.text)
    ETH_IRQHandler                           0x080025ef   Thumb Code     0  startup_stm32f10x_cl.o(.text)
    ETH_WKUP_IRQHandler                      0x080025ef   Thumb Code     0  startup_stm32f10x_cl.o(.text)
    EXTI0_IRQHandler                         0x080025ef   Thumb Code     0  startup_stm32f10x_cl.o(.text)
    EXTI15_10_IRQHandler                     0x080025ef   Thumb Code     0  startup_stm32f10x_cl.o(.text)
    EXTI1_IRQHandler                         0x080025ef   Thumb Code     0  startup_stm32f10x_cl.o(.text)
    EXTI2_IRQHandler                         0x080025ef   Thumb Code     0  startup_stm32f10x_cl.o(.text)
    EXTI3_IRQHandler                         0x080025ef   Thumb Code     0  startup_stm32f10x_cl.o(.text)
    EXTI4_IRQHandler                         0x080025ef   Thumb Code     0  startup_stm32f10x_cl.o(.text)
    EXTI9_5_IRQHandler                       0x080025ef   Thumb Code     0  startup_stm32f10x_cl.o(.text)
    FLASH_IRQHandler                         0x080025ef   Thumb Code     0  startup_stm32f10x_cl.o(.text)
    I2C1_ER_IRQHandler                       0x080025ef   Thumb Code     0  startup_stm32f10x_cl.o(.text)
    I2C1_EV_IRQHandler                       0x080025ef   Thumb Code     0  startup_stm32f10x_cl.o(.text)
    I2C2_ER_IRQHandler                       0x080025ef   Thumb Code     0  startup_stm32f10x_cl.o(.text)
    I2C2_EV_IRQHandler                       0x080025ef   Thumb Code     0  startup_stm32f10x_cl.o(.text)
    OTG_FS_IRQHandler                        0x080025ef   Thumb Code     0  startup_stm32f10x_cl.o(.text)
    OTG_FS_WKUP_IRQHandler                   0x080025ef   Thumb Code     0  startup_stm32f10x_cl.o(.text)
    PVD_IRQHandler                           0x080025ef   Thumb Code     0  startup_stm32f10x_cl.o(.text)
    RCC_IRQHandler                           0x080025ef   Thumb Code     0  startup_stm32f10x_cl.o(.text)
    RTCAlarm_IRQHandler                      0x080025ef   Thumb Code     0  startup_stm32f10x_cl.o(.text)
    RTC_IRQHandler                           0x080025ef   Thumb Code     0  startup_stm32f10x_cl.o(.text)
    SPI1_IRQHandler                          0x080025ef   Thumb Code     0  startup_stm32f10x_cl.o(.text)
    SPI2_IRQHandler                          0x080025ef   Thumb Code     0  startup_stm32f10x_cl.o(.text)
    SPI3_IRQHandler                          0x080025ef   Thumb Code     0  startup_stm32f10x_cl.o(.text)
    TAMPER_IRQHandler                        0x080025ef   Thumb Code     0  startup_stm32f10x_cl.o(.text)
    TIM1_BRK_IRQHandler                      0x080025ef   Thumb Code     0  startup_stm32f10x_cl.o(.text)
    TIM1_CC_IRQHandler                       0x080025ef   Thumb Code     0  startup_stm32f10x_cl.o(.text)
    TIM1_TRG_COM_IRQHandler                  0x080025ef   Thumb Code     0  startup_stm32f10x_cl.o(.text)
    TIM1_UP_IRQHandler                       0x080025ef   Thumb Code     0  startup_stm32f10x_cl.o(.text)
    TIM3_IRQHandler                          0x080025ef   Thumb Code     0  startup_stm32f10x_cl.o(.text)
    TIM4_IRQHandler                          0x080025ef   Thumb Code     0  startup_stm32f10x_cl.o(.text)
    TIM5_IRQHandler                          0x080025ef   Thumb Code     0  startup_stm32f10x_cl.o(.text)
    TIM6_IRQHandler                          0x080025ef   Thumb Code     0  startup_stm32f10x_cl.o(.text)
    TIM7_IRQHandler                          0x080025ef   Thumb Code     0  startup_stm32f10x_cl.o(.text)
    UART4_IRQHandler                         0x080025ef   Thumb Code     0  startup_stm32f10x_cl.o(.text)
    UART5_IRQHandler                         0x080025ef   Thumb Code     0  startup_stm32f10x_cl.o(.text)
    USART1_IRQHandler                        0x080025ef   Thumb Code     0  startup_stm32f10x_cl.o(.text)
    USART2_IRQHandler                        0x080025ef   Thumb Code     0  startup_stm32f10x_cl.o(.text)
    USART3_IRQHandler                        0x080025ef   Thumb Code     0  startup_stm32f10x_cl.o(.text)
    WWDG_IRQHandler                          0x080025ef   Thumb Code     0  startup_stm32f10x_cl.o(.text)
    __user_initial_stackheap                 0x080025f1   Thumb Code     0  startup_stm32f10x_cl.o(.text)
    __2printf                                0x08002615   Thumb Code    20  noretval__2printf.o(.text)
    __use_two_region_memory                  0x0800262d   Thumb Code     2  heapauxi.o(.text)
    __rt_heap_escrow                         0x0800262f   Thumb Code     2  heapauxi.o(.text)
    __rt_heap_expand                         0x08002631   Thumb Code     2  heapauxi.o(.text)
    _printf_char_file                        0x08002635   Thumb Code    32  _printf_char_file.o(.text)
    _printf_char_common                      0x08002663   Thumb Code    32  _printf_char_common.o(.text)
    ferror                                   0x08002689   Thumb Code     8  ferror.o(.text)
    _initio                                  0x08002691   Thumb Code   210  initio.o(.text)
    _terminateio                             0x08002763   Thumb Code    56  initio.o(.text)
    _sys_open                                0x080027c9   Thumb Code    20  sys_io.o(.text)
    _sys_close                               0x080027dd   Thumb Code    12  sys_io.o(.text)
    _sys_write                               0x080027e9   Thumb Code    16  sys_io.o(.text)
    _sys_read                                0x080027f9   Thumb Code    14  sys_io.o(.text)
    _sys_istty                               0x08002807   Thumb Code    12  sys_io.o(.text)
    _sys_seek                                0x08002813   Thumb Code    14  sys_io.o(.text)
    _sys_ensure                              0x08002821   Thumb Code     2  sys_io.o(.text)
    _sys_flen                                0x08002823   Thumb Code    12  sys_io.o(.text)
    __user_setup_stackheap                   0x0800282f   Thumb Code    74  sys_stackheap_outer.o(.text)
    free                                     0x08002879   Thumb Code    78  h1_free.o(.text)
    __printf                                 0x080028c7   Thumb Code    38  __printf_nopercent.o(.text)
    __flsbuf                                 0x080028ed   Thumb Code   480  flsbuf.o(.text)
    __flsbuf_byte                            0x080028ed   Thumb Code     0  flsbuf.o(.text)
    __flsbuf_wide                            0x080028ed   Thumb Code     0  flsbuf.o(.text)
    setvbuf                                  0x08002acd   Thumb Code    70  setvbuf.o(.text)
    freopen                                  0x08002b15   Thumb Code   158  fopen.o(.text)
    fopen                                    0x08002bb3   Thumb Code    74  fopen.o(.text)
    _fclose_internal                         0x08002c01   Thumb Code    76  fclose.o(.text)
    fclose                                   0x08002c01   Thumb Code     0  fclose.o(.text)
    exit                                     0x08002c4d   Thumb Code    12  exit.o(.text)
    __rt_SIGRTRED                            0x08002c59   Thumb Code    14  defsig_rtred_outer.o(.text)
    __aeabi_memclr4                          0x08002c67   Thumb Code     0  rt_memclr_w.o(.text)
    __aeabi_memclr8                          0x08002c67   Thumb Code     0  rt_memclr_w.o(.text)
    __rt_memclr_w                            0x08002c67   Thumb Code    78  rt_memclr_w.o(.text)
    _memset_w                                0x08002c6b   Thumb Code     0  rt_memclr_w.o(.text)
    __user_libspace                          0x08002cb5   Thumb Code     8  libspace.o(.text)
    __user_perproc_libspace                  0x08002cb5   Thumb Code     0  libspace.o(.text)
    __user_perthread_libspace                0x08002cb5   Thumb Code     0  libspace.o(.text)
    __I$use$semihosting                      0x08002cbd   Thumb Code     0  use_no_semi.o(.text)
    __use_no_semihosting_swi                 0x08002cbd   Thumb Code     2  use_no_semi.o(.text)
    __semihosting_library_function           0x08002cbf   Thumb Code     0  indicate_semi.o(.text)
    __rt_heap_descriptor                     0x08002cc1   Thumb Code     8  rt_heap_descriptor_intlibspace.o(.text)
    __use_no_heap                            0x08002cc9   Thumb Code     2  hguard.o(.text)
    __heap$guard                             0x08002ccb   Thumb Code     2  hguard.o(.text)
    _terminate_user_alloc                    0x08002ccd   Thumb Code     2  init_alloc.o(.text)
    _init_user_alloc                         0x08002ccf   Thumb Code     2  init_alloc.o(.text)
    __Heap_Full                              0x08002cd1   Thumb Code    34  init_alloc.o(.text)
    __Heap_Broken                            0x08002cf3   Thumb Code     6  init_alloc.o(.text)
    _init_alloc                              0x08002cf9   Thumb Code    94  init_alloc.o(.text)
    malloc                                   0x08002d57   Thumb Code    94  h1_alloc.o(.text)
    _fseek                                   0x08002db5   Thumb Code   244  fseek.o(.text)
    fseek                                    0x08002db5   Thumb Code     0  fseek.o(.text)
    _seterr                                  0x08002ead   Thumb Code    20  stdio.o(.text)
    _writebuf                                0x08002ec1   Thumb Code    84  stdio.o(.text)
    _fflush                                  0x08002f15   Thumb Code    70  stdio.o(.text)
    _deferredlazyseek                        0x08002f5b   Thumb Code    60  stdio.o(.text)
    __sig_exit                               0x08002f9d   Thumb Code    10  defsig_exit.o(.text)
    __rt_SIGRTRED_inner                      0x08002fa9   Thumb Code    14  defsig_rtred_inner.o(.text)
    strlen                                   0x08002fdd   Thumb Code    62  strlen.o(.text)
    _sys_exit                                0x0800301d   Thumb Code     8  sys_exit.o(.text)
    __rt_fp_status_addr                      0x08003029   Thumb Code     8  rt_fp_status_addr_intlibspace.o(.text)
    __Heap_Initialize                        0x08003031   Thumb Code    10  h1_init.o(.text)
    __Heap_DescSize                          0x0800303b   Thumb Code     4  h1_init.o(.text)
    __Heap_ProvideMemory                     0x0800303f   Thumb Code    52  h1_extend.o(.text)
    _ftell_internal                          0x08003073   Thumb Code    70  ftell.o(.text)
    ftell                                    0x08003073   Thumb Code     0  ftell.o(.text)
    __default_signal_display                 0x080030b9   Thumb Code    50  defsig_general.o(.text)
    __rt_SIGRTMEM                            0x080030eb   Thumb Code    14  defsig_rtmem_outer.o(.text)
    _ttywrch                                 0x080030f9   Thumb Code    14  sys_wrch.o(.text)
    __aeabi_errno_addr                       0x08003109   Thumb Code     8  rt_errno_addr_intlibspace.o(.text)
    __errno$intlibspace                      0x08003109   Thumb Code     0  rt_errno_addr_intlibspace.o(.text)
    __rt_errno_addr$intlibspace              0x08003109   Thumb Code     0  rt_errno_addr_intlibspace.o(.text)
    __rt_SIGRTMEM_inner                      0x08003111   Thumb Code    22  defsig_rtmem_inner.o(.text)
    fputc                                    0x08003161   Thumb Code    26  fputc.o(i.fputc)
    _fp_init                                 0x0800317b   Thumb Code    14  fpinit.o(x$fpl$fpinit)
    __fplib_config_pureend_doubles           0x08003187   Thumb Code     0  fpinit.o(x$fpl$fpinit)
    flag                                     0x08003188   Data           8  can.o(.constdata)
    TX_ADDRESS                               0x08003190   Data           5  nrf24l01.o(.constdata)
    RX_ADDRESS                               0x08003195   Data           5  nrf24l01.o(.constdata)
    __stdin_name                             0x0800319a   Data           4  sys_io.o(.constdata)
    __stdout_name                            0x0800319e   Data           4  sys_io.o(.constdata)
    __stderr_name                            0x080031a2   Data           4  sys_io.o(.constdata)
    Region$$Table$$Base                      0x080031a8   Number         0  anon$$obj.o(Region$$Table)
    Region$$Table$$Limit                     0x080031c8   Number         0  anon$$obj.o(Region$$Table)
    CAN1_DATA                                0x20000000   Data           8  can.o(.data)
    SysTickTimer                             0x20000008   Data           4  stm32f10x_it.o(.data)
    SystemCoreClock                          0x20000020   Data           4  system_stm32f10x.o(.data)
    AHBPrescTable                            0x20000024   Data          16  system_stm32f10x.o(.data)
    __aeabi_stdin                            0x20000034   Data           4  stdio_streams.o(.data)
    __aeabi_stdout                           0x20000038   Data           4  stdio_streams.o(.data)
    __aeabi_stderr                           0x2000003c   Data           4  stdio_streams.o(.data)
    __stdin                                  0x20000040   Data          80  stdio_streams.o(.bss)
    __stdout                                 0x20000090   Data          80  stdio_streams.o(.bss)
    __stderr                                 0x200000e0   Data          80  stdio_streams.o(.bss)
    __libspace_start                         0x20000130   Data          96  libspace.o(.bss)
    __temporary_stack_top$libspace           0x20000190   Data           0  libspace.o(.bss)



==============================================================================

Memory Map of the image

  Image Entry point : 0x080025d5

  Load Region LR_1 (Base: 0x08000000, Size: 0x00003208, Max: 0xffffffff, ABSOLUTE)

    Execution Region ER_RO (Base: 0x08000000, Size: 0x000031c8, Max: 0xffffffff, ABSOLUTE)

    Base Addr    Size         Type   Attr      Idx    E Section Name        Object

    0x08000000   0x00000150   Data   RO          388    RESET               startup_stm32f10x_cl.o
    0x08000150   0x00000008   Code   RO          401  * !!!main             c_w.l(__main.o)
    0x08000158   0x00000034   Code   RO          749    !!!scatter          c_w.l(__scatter.o)
    0x0800018c   0x0000001a   Code   RO          751    !!handler_copy      c_w.l(__scatter_copy.o)
    0x080001a6   0x00000002   PAD
    0x080001a8   0x0000001c   Code   RO          753    !!handler_zi        c_w.l(__scatter_zi.o)
    0x080001c4   0x00000006   Code   RO          536    .ARM.Collect$$libinit$$00000000  c_w.l(libinit.o)
    0x080001ca   0x00000008   Code   RO          537    .ARM.Collect$$libinit$$00000001  c_w.l(libinit2.o)
    0x080001d2   0x00000000   Code   RO          539    .ARM.Collect$$libinit$$00000006  c_w.l(libinit2.o)
    0x080001d2   0x00000000   Code   RO          541    .ARM.Collect$$libinit$$00000008  c_w.l(libinit2.o)
    0x080001d2   0x00000000   Code   RO          543    .ARM.Collect$$libinit$$0000000A  c_w.l(libinit2.o)
    0x080001d2   0x00000000   Code   RO          546    .ARM.Collect$$libinit$$0000000D  c_w.l(libinit2.o)
    0x080001d2   0x00000000   Code   RO          548    .ARM.Collect$$libinit$$0000000F  c_w.l(libinit2.o)
    0x080001d2   0x00000000   Code   RO          550    .ARM.Collect$$libinit$$00000011  c_w.l(libinit2.o)
    0x080001d2   0x00000000   Code   RO          552    .ARM.Collect$$libinit$$00000013  c_w.l(libinit2.o)
    0x080001d2   0x00000000   Code   RO          554    .ARM.Collect$$libinit$$00000015  c_w.l(libinit2.o)
    0x080001d2   0x00000000   Code   RO          556    .ARM.Collect$$libinit$$00000017  c_w.l(libinit2.o)
    0x080001d2   0x00000000   Code   RO          558    .ARM.Collect$$libinit$$00000019  c_w.l(libinit2.o)
    0x080001d2   0x00000000   Code   RO          560    .ARM.Collect$$libinit$$0000001B  c_w.l(libinit2.o)
    0x080001d2   0x00000000   Code   RO          562    .ARM.Collect$$libinit$$0000001D  c_w.l(libinit2.o)
    0x080001d2   0x00000000   Code   RO          564    .ARM.Collect$$libinit$$0000001F  c_w.l(libinit2.o)
    0x080001d2   0x00000004   Code   RO          565    .ARM.Collect$$libinit$$00000020  c_w.l(libinit2.o)
    0x080001d6   0x00000000   Code   RO          566    .ARM.Collect$$libinit$$00000021  c_w.l(libinit2.o)
    0x080001d6   0x00000000   Code   RO          570    .ARM.Collect$$libinit$$00000028  c_w.l(libinit2.o)
    0x080001d6   0x00000000   Code   RO          572    .ARM.Collect$$libinit$$0000002A  c_w.l(libinit2.o)
    0x080001d6   0x00000000   Code   RO          574    .ARM.Collect$$libinit$$0000002C  c_w.l(libinit2.o)
    0x080001d6   0x00000000   Code   RO          576    .ARM.Collect$$libinit$$0000002E  c_w.l(libinit2.o)
    0x080001d6   0x00000002   Code   RO          577    .ARM.Collect$$libinit$$0000002F  c_w.l(libinit2.o)
    0x080001d8   0x00000002   Code   RO          728    .ARM.Collect$$libshutdown$$00000000  c_w.l(libshutdown.o)
    0x080001da   0x00000004   Code   RO          579    .ARM.Collect$$libshutdown$$00000002  c_w.l(libshutdown2.o)
    0x080001de   0x00000000   Code   RO          580    .ARM.Collect$$libshutdown$$00000003  c_w.l(libshutdown2.o)
    0x080001de   0x00000000   Code   RO          583    .ARM.Collect$$libshutdown$$00000006  c_w.l(libshutdown2.o)
    0x080001de   0x00000000   Code   RO          586    .ARM.Collect$$libshutdown$$00000009  c_w.l(libshutdown2.o)
    0x080001de   0x00000000   Code   RO          588    .ARM.Collect$$libshutdown$$0000000B  c_w.l(libshutdown2.o)
    0x080001de   0x00000000   Code   RO          591    .ARM.Collect$$libshutdown$$0000000E  c_w.l(libshutdown2.o)
    0x080001de   0x00000002   Code   RO          592    .ARM.Collect$$libshutdown$$0000000F  c_w.l(libshutdown2.o)
    0x080001e0   0x00000000   Code   RO          403    .ARM.Collect$$rtentry$$00000000  c_w.l(rtentry.o)
    0x080001e0   0x00000000   Code   RO          413    .ARM.Collect$$rtentry$$00000002  c_w.l(rtentry2.o)
    0x080001e0   0x00000006   Code   RO          425    .ARM.Collect$$rtentry$$00000004  c_w.l(rtentry4.o)
    0x080001e6   0x00000000   Code   RO          415    .ARM.Collect$$rtentry$$00000009  c_w.l(rtentry2.o)
    0x080001e6   0x00000004   Code   RO          416    .ARM.Collect$$rtentry$$0000000A  c_w.l(rtentry2.o)
    0x080001ea   0x00000000   Code   RO          418    .ARM.Collect$$rtentry$$0000000C  c_w.l(rtentry2.o)
    0x080001ea   0x00000008   Code   RO          419    .ARM.Collect$$rtentry$$0000000D  c_w.l(rtentry2.o)
    0x080001f2   0x00000002   Code   RO          601    .ARM.Collect$$rtexit$$00000000  c_w.l(rtexit.o)
    0x080001f4   0x00000000   Code   RO          659    .ARM.Collect$$rtexit$$00000002  c_w.l(rtexit2.o)
    0x080001f4   0x00000004   Code   RO          660    .ARM.Collect$$rtexit$$00000003  c_w.l(rtexit2.o)
    0x080001f8   0x00000006   Code   RO          661    .ARM.Collect$$rtexit$$00000004  c_w.l(rtexit2.o)
    0x080001fe   0x00000002   PAD
    0x08000200   0x00000000   Code   RO          670    .emb_text           c_w.l(maybetermalloc1.o)
    0x08000200   0x000000f4   Code   RO            1    .text               main.o
    0x080002f4   0x00000074   Code   RO          100    .text               delay.o
    0x08000368   0x000000b4   Code   RO          117    .text               key.o
    0x0800041c   0x000000e4   Code   RO          129    .text               led.o
    0x08000500   0x000000dc   Code   RO          141    .text               spi.o
    0x080005dc   0x0000019c   Code   RO          159    .text               can.o
    0x08000778   0x00000150   Code   RO          182    .text               stm32f107.o
    0x080008c8   0x00000020   Code   RO          198    .text               stm32f10x_it.o
    0x080008e8   0x00000310   Code   RO          217    .text               nrf24l01.o
    0x08000bf8   0x000000b0   Code   RO          238    .text               misc.o
    0x08000ca8   0x0000058a   Code   RO          265    .text               stm32f10x_can.o
    0x08001232   0x00000002   PAD
    0x08001234   0x00000268   Code   RO          294    .text               stm32f10x_gpio.o
    0x0800149c   0x00000368   Code   RO          306    .text               stm32f10x_rcc.o
    0x08001804   0x000002b4   Code   RO          320    .text               stm32f10x_spi.o
    0x08001ab8   0x00000988   Code   RO          332    .text               stm32f10x_tim.o
    0x08002440   0x00000194   Code   RO          368    .text               system_stm32f10x.o
    0x080025d4   0x00000040   Code   RO          389  * .text               startup_stm32f10x_cl.o
    0x08002614   0x00000018   Code   RO          397    .text               c_w.l(noretval__2printf.o)
    0x0800262c   0x00000006   Code   RO          399    .text               c_w.l(heapauxi.o)
    0x08002632   0x00000002   PAD
    0x08002634   0x00000024   Code   RO          404    .text               c_w.l(_printf_char_file.o)
    0x08002658   0x00000030   Code   RO          427    .text               c_w.l(_printf_char_common.o)
    0x08002688   0x00000008   Code   RO          429    .text               c_w.l(ferror.o)
    0x08002690   0x00000138   Code   RO          435    .text               c_w.l(initio.o)
    0x080027c8   0x00000066   Code   RO          443    .text               c_w.l(sys_io.o)
    0x0800282e   0x0000004a   Code   RO          450    .text               c_w.l(sys_stackheap_outer.o)
    0x08002878   0x0000004e   Code   RO          454    .text               c_w.l(h1_free.o)
    0x080028c6   0x00000026   Code   RO          508    .text               c_w.l(__printf_nopercent.o)
    0x080028ec   0x000001e0   Code   RO          510    .text               c_w.l(flsbuf.o)
    0x08002acc   0x00000046   Code   RO          512    .text               c_w.l(setvbuf.o)
    0x08002b12   0x00000002   PAD
    0x08002b14   0x000000ec   Code   RO          515    .text               c_w.l(fopen.o)
    0x08002c00   0x0000004c   Code   RO          517    .text               c_w.l(fclose.o)
    0x08002c4c   0x0000000c   Code   RO          523    .text               c_w.l(exit.o)
    0x08002c58   0x0000000e   Code   RO          525    .text               c_w.l(defsig_rtred_outer.o)
    0x08002c66   0x0000004e   Code   RO          529    .text               c_w.l(rt_memclr_w.o)
    0x08002cb4   0x00000008   Code   RO          595    .text               c_w.l(libspace.o)
    0x08002cbc   0x00000002   Code   RO          598    .text               c_w.l(use_no_semi.o)
    0x08002cbe   0x00000000   Code   RO          600    .text               c_w.l(indicate_semi.o)
    0x08002cbe   0x00000002   PAD
    0x08002cc0   0x00000008   Code   RO          608    .text               c_w.l(rt_heap_descriptor_intlibspace.o)
    0x08002cc8   0x00000004   Code   RO          610    .text               c_w.l(hguard.o)
    0x08002ccc   0x0000008a   Code   RO          612    .text               c_w.l(init_alloc.o)
    0x08002d56   0x0000005e   Code   RO          618    .text               c_w.l(h1_alloc.o)
    0x08002db4   0x000000f8   Code   RO          634    .text               c_w.l(fseek.o)
    0x08002eac   0x000000f0   Code   RO          636    .text               c_w.l(stdio.o)
    0x08002f9c   0x0000000a   Code   RO          642    .text               c_w.l(defsig_exit.o)
    0x08002fa6   0x00000002   PAD
    0x08002fa8   0x00000034   Code   RO          644    .text               c_w.l(defsig_rtred_inner.o)
    0x08002fdc   0x0000003e   Code   RO          648    .text               c_w.l(strlen.o)
    0x0800301a   0x00000002   PAD
    0x0800301c   0x0000000c   Code   RO          656    .text               c_w.l(sys_exit.o)
    0x08003028   0x00000008   Code   RO          668    .text               c_w.l(rt_fp_status_addr_intlibspace.o)
    0x08003030   0x0000000e   Code   RO          672    .text               c_w.l(h1_init.o)
    0x0800303e   0x00000034   Code   RO          674    .text               c_w.l(h1_extend.o)
    0x08003072   0x00000046   Code   RO          684    .text               c_w.l(ftell.o)
    0x080030b8   0x00000032   Code   RO          692    .text               c_w.l(defsig_general.o)
    0x080030ea   0x0000000e   Code   RO          694    .text               c_w.l(defsig_rtmem_outer.o)
    0x080030f8   0x0000000e   Code   RO          709    .text               c_w.l(sys_wrch.o)
    0x08003106   0x00000002   PAD
    0x08003108   0x00000008   Code   RO          716    .text               c_w.l(rt_errno_addr_intlibspace.o)
    0x08003110   0x00000050   Code   RO          722    .text               c_w.l(defsig_rtmem_inner.o)
    0x08003160   0x0000001a   Code   RO          432    i.fputc             c_w.l(fputc.o)
    0x0800317a   0x0000000e   Code   RO          654    x$fpl$fpinit        fz_ws.l(fpinit.o)
    0x08003188   0x00000008   Data   RO          160    .constdata          can.o
    0x08003190   0x0000000a   Data   RO          218    .constdata          nrf24l01.o
    0x0800319a   0x00000004   Data   RO          444    .constdata          c_w.l(sys_io.o)
    0x0800319e   0x00000004   Data   RO          445    .constdata          c_w.l(sys_io.o)
    0x080031a2   0x00000004   Data   RO          446    .constdata          c_w.l(sys_io.o)
    0x080031a6   0x00000002   PAD
    0x080031a8   0x00000020   Data   RO          747    Region$$Table       anon$$obj.o


    Execution Region ER_RW (Base: 0x20000000, Size: 0x00000040, Max: 0xffffffff, ABSOLUTE)

    Base Addr    Size         Type   Attr      Idx    E Section Name        Object

    0x20000000   0x00000008   Data   RW          161    .data               can.o
    0x20000008   0x00000004   Data   RW          199    .data               stm32f10x_it.o
    0x2000000c   0x00000014   Data   RW          307    .data               stm32f10x_rcc.o
    0x20000020   0x00000014   Data   RW          369    .data               system_stm32f10x.o
    0x20000034   0x00000004   Data   RW          409    .data               c_w.l(stdio_streams.o)
    0x20000038   0x00000004   Data   RW          410    .data               c_w.l(stdio_streams.o)
    0x2000003c   0x00000004   Data   RW          411    .data               c_w.l(stdio_streams.o)


    Execution Region ER_ZI (Base: 0x20000040, Size: 0x00000750, Max: 0xffffffff, ABSOLUTE)

    Base Addr    Size         Type   Attr      Idx    E Section Name        Object

    0x20000040   0x00000050   Zero   RW          406    .bss                c_w.l(stdio_streams.o)
    0x20000090   0x00000050   Zero   RW          407    .bss                c_w.l(stdio_streams.o)
    0x200000e0   0x00000050   Zero   RW          408    .bss                c_w.l(stdio_streams.o)
    0x20000130   0x00000060   Zero   RW          596    .bss                c_w.l(libspace.o)
    0x20000190   0x00000200   Zero   RW          387    HEAP                startup_stm32f10x_cl.o
    0x20000390   0x00000400   Zero   RW          386    STACK               startup_stm32f10x_cl.o


==============================================================================

Image component sizes


      Code (inc. data)   RO Data    RW Data    ZI Data      Debug   Object Name

       412         16          8          8          0       2308   can.o
         0          0          0          0          0         32   core_cm3.o
       116         16          0          0          0      15956   delay.o
       180          6          0          0          0       1294   key.o
       228         10          0          0          0       1449   led.o
       244         68          0          0          0     271947   main.o
       176         18          0          0          0       1873   misc.o
       784         18         10          0          0       3916   nrf24l01.o
       220         12          0          0          0       7978   spi.o
        64         26        336          0       1536        836   startup_stm32f10x_cl.o
       336         18          0          0          0       1251   stm32f107.o
      1418          8          0          0          0       8157   stm32f10x_can.o
       616         42          0          0          0       5941   stm32f10x_gpio.o
        32          6          0          4          0       1727   stm32f10x_it.o
       872         52          0         20          0      11322   stm32f10x_rcc.o
       692         20          0          0          0       7014   stm32f10x_spi.o
      2440         64          0          0          0      23402   stm32f10x_tim.o
       404         40          0         20          0       2071   system_stm32f10x.o

    ----------------------------------------------------------------------
      9236        440        386         52       1536     368474   Object Totals
         0          0         32          0          0          0   (incl. Generated)
         2          0          0          0          0          0   (incl. Padding)

    ----------------------------------------------------------------------

      Code (inc. data)   RO Data    RW Data    ZI Data      Debug   Library Member Name

         8          0          0          0          0         68   __main.o
        38          0          0          0          0         84   __printf_nopercent.o
        52          8          0          0          0          0   __scatter.o
        26          0          0          0          0          0   __scatter_copy.o
        28          0          0          0          0          0   __scatter_zi.o
        48          6          0          0          0         96   _printf_char_common.o
        36          4          0          0          0         80   _printf_char_file.o
        10          0          0          0          0         68   defsig_exit.o
        50          0          0          0          0         88   defsig_general.o
        80         58          0          0          0         76   defsig_rtmem_inner.o
        14          0          0          0          0         80   defsig_rtmem_outer.o
        52         38          0          0          0         76   defsig_rtred_inner.o
        14          0          0          0          0         80   defsig_rtred_outer.o
        12          0          0          0          0         72   exit.o
        76          0          0          0          0         88   fclose.o
         8          0          0          0          0         68   ferror.o
       480          0          0          0          0         88   flsbuf.o
       236          4          0          0          0        128   fopen.o
        26          0          0          0          0         68   fputc.o
       248          4          0          0          0         84   fseek.o
        70          0          0          0          0         76   ftell.o
        94          0          0          0          0         80   h1_alloc.o
        52          0          0          0          0         68   h1_extend.o
        78          0          0          0          0         80   h1_free.o
        14          0          0          0          0         84   h1_init.o
         6          0          0          0          0        152   heapauxi.o
         4          0          0          0          0        136   hguard.o
         0          0          0          0          0          0   indicate_semi.o
       138          0          0          0          0        168   init_alloc.o
       312         46          0          0          0        112   initio.o
         6          0          0          0          0          0   libinit.o
        14          0          0          0          0          0   libinit2.o
         2          0          0          0          0          0   libshutdown.o
         6          0          0          0          0          0   libshutdown2.o
         8          4          0          0         96         68   libspace.o
         0          0          0          0          0          0   maybetermalloc1.o
        24          4          0          0          0         84   noretval__2printf.o
         8          4          0          0          0         68   rt_errno_addr_intlibspace.o
         8          4          0          0          0         68   rt_fp_status_addr_intlibspace.o
         8          4          0          0          0         68   rt_heap_descriptor_intlibspace.o
        78          0          0          0          0         80   rt_memclr_w.o
         0          0          0          0          0          0   rtentry.o
        12          0          0          0          0          0   rtentry2.o
         6          0          0          0          0          0   rtentry4.o
         2          0          0          0          0          0   rtexit.o
        10          0          0          0          0          0   rtexit2.o
        70          0          0          0          0         80   setvbuf.o
       240          6          0          0          0        156   stdio.o
         0          0          0         12        240          0   stdio_streams.o
        62          0          0          0          0         76   strlen.o
        12          4          0          0          0         68   sys_exit.o
       102          0         12          0          0        240   sys_io.o
        74          0          0          0          0         80   sys_stackheap_outer.o
        14          0          0          0          0         76   sys_wrch.o
         2          0          0          0          0         68   use_no_semi.o
        14          0          0          0          0         76   fpinit.o

    ----------------------------------------------------------------------
      3108        198         14         12        336       3704   Library Totals
        16          0          2          0          0          0   (incl. Padding)

    ----------------------------------------------------------------------

      Code (inc. data)   RO Data    RW Data    ZI Data      Debug   Library Name

      3078        198         12         12        336       3628   c_w.l
        14          0          0          0          0         76   fz_ws.l

    ----------------------------------------------------------------------
      3108        198         14         12        336       3704   Library Totals

    ----------------------------------------------------------------------

==============================================================================


      Code (inc. data)   RO Data    RW Data    ZI Data      Debug   

     12344        638        400         64       1872     368174   Grand Totals
     12344        638        400         64       1872     368174   ELF Image Totals
     12344        638        400         64          0          0   ROM Totals

==============================================================================

    Total RO  Size (Code + RO Data)                12744 (  12.45kB)
    Total RW  Size (RW Data + ZI Data)              1936 (   1.89kB)
    Total ROM Size (Code + RO Data + RW Data)      12808 (  12.51kB)

==============================================================================

