ARM Linker, 4.1 [Build 791] [Standard]

==============================================================================

Section Cross References

    main.o(.text) refers to rcc_gpio.o(.text) for RCC_Configuration
    main.o(.text) refers to usart.o(.text) for USART_Configuration
    main.o(.text) refers to adc.o(.text) for ADC_Configuration
    main.o(.text) refers to tim.o(.text) for TIM_Configuration
    main.o(.text) refers to stm32f10x_gpio.o(.text) for GPIO_ResetBits
    main.o(.text) refers to ffixi.o(.text) for __aeabi_f2iz
    main.o(.text) refers to dflti.o(.text) for __aeabi_i2d
    main.o(.text) refers to ddiv.o(.text) for __aeabi_ddiv
    main.o(.text) refers to dfixi.o(.text) for __aeabi_d2iz
    main.o(.text) refers to f2d.o(.text) for __aeabi_f2d
    main.o(.text) refers to printfa.o(i.__0printf) for __2printf
    main.o(.text) refers to delay.o(.text) for delay_ms
    main.o(.text) refers to stm32f10x_usart.o(.text) for USART_SendData
    main.o(.text) refers to system_stm32f10x.o(.data) for SystemCoreClock
    main.o(.text) refers to stm32f10x_it.o(.data) for Increment_High
    delay.o(.text) refers to delay.o(.data) for .data
    key.o(.text) refers to stm32f10x_gpio.o(.text) for GPIO_ReadInputDataBit
    key.o(.text) refers to delay.o(.text) for delay_ms
    led.o(.text) refers to stm32f10x_gpio.o(.text) for GPIO_ResetBits
    led.o(.text) refers to delay.o(.text) for delay_ms
    stm32f10x_it.o(.text) refers to delay.o(.text) for delay_decrement
    stm32f10x_it.o(.text) refers to stm32f10x_tim.o(.text) for TIM_GetITStatus
    stm32f10x_it.o(.text) refers to stm32f10x_gpio.o(.text) for GPIO_ReadOutputDataBit
    stm32f10x_it.o(.text) refers to stm32f10x_it.o(.data) for .data
    tim.o(.text) refers to stm32f10x_tim.o(.text) for TIM_TimeBaseInit
    tim.o(.text) refers to misc.o(.text) for NVIC_PriorityGroupConfig
    tim.o(.text) refers to tim.o(.data) for .data
    adc.o(.text) refers to stm32f10x_rcc.o(.text) for RCC_ADCCLKConfig
    adc.o(.text) refers to stm32f10x_adc.o(.text) for ADC_Init
    adc.o(.text) refers to ffltui.o(.text) for __aeabi_ui2f
    adc.o(.text) refers to fmul.o(.text) for __aeabi_fmul
    adc.o(.text) refers to fdiv.o(.text) for __aeabi_fdiv
    rcc_gpio.o(.text) refers to stm32f10x_rcc.o(.text) for RCC_APB2PeriphClockCmd
    rcc_gpio.o(.text) refers to stm32f10x_gpio.o(.text) for GPIO_Init
    rcc_gpio.o(.text) refers to stm32f10x_flash.o(.text) for FLASH_PrefetchBufferCmd
    usart.o(.text) refers to stm32f10x_usart.o(.text) for USART_ClockInit
    stm32f10x_gpio.o(.text) refers to stm32f10x_rcc.o(.text) for RCC_APB2PeriphResetCmd
    stm32f10x_rcc.o(.text) refers to stm32f10x_rcc.o(.data) for .data
    stm32f10x_tim.o(.text) refers to stm32f10x_rcc.o(.text) for RCC_APB1PeriphResetCmd
    stm32f10x_adc.o(.text) refers to stm32f10x_rcc.o(.text) for RCC_APB2PeriphResetCmd
    stm32f10x_usart.o(.text) refers to stm32f10x_rcc.o(.text) for RCC_APB2PeriphResetCmd
    system_stm32f10x.o(.text) refers to system_stm32f10x.o(.data) for .data
    startup_stm32f10x_cl.o(RESET) refers to startup_stm32f10x_cl.o(STACK) for __initial_sp
    startup_stm32f10x_cl.o(RESET) refers to startup_stm32f10x_cl.o(.text) for Reset_Handler
    startup_stm32f10x_cl.o(RESET) refers to stm32f10x_it.o(.text) for NMI_Handler
    startup_stm32f10x_cl.o(.text) refers to system_stm32f10x.o(.text) for SystemInit
    startup_stm32f10x_cl.o(.text) refers to entry.o(.ARM.Collect$$$$00000000) for __main
    entry.o(.ARM.Collect$$$$00000000) refers (Special) to entry7b.o(.ARM.Collect$$$$00000008) for _main_clock
    entry.o(.ARM.Collect$$$$00000000) refers (Special) to entry8.o(.ARM.Collect$$$$00000009) for _main_init
    entry.o(.ARM.Collect$$$$00000000) refers (Special) to entry5.o(.ARM.Collect$$$$00000004) for _main_scatterload
    entry.o(.ARM.Collect$$$$00000000) refers (Special) to entry2.o(.ARM.Collect$$$$00000001) for _main_stk
    printfb.o(i.__0fprintf$bare) refers to printfb.o(i._printf_core) for _printf_core
    printfb.o(i.__0fprintf$bare) refers to main.o(.text) for fputc
    printfb.o(i.__0printf$bare) refers to printfb.o(i._printf_core) for _printf_core
    printfb.o(i.__0printf$bare) refers to main.o(.text) for fputc
    printfb.o(i.__0printf$bare) refers to stdout.o(.data) for __stdout
    printfb.o(i.__0snprintf$bare) refers to printfb.o(i._printf_core) for _printf_core
    printfb.o(i.__0snprintf$bare) refers to printfb.o(i._snputc) for _snputc
    printfb.o(i.__0sprintf$bare) refers to printfb.o(i._printf_core) for _printf_core
    printfb.o(i.__0sprintf$bare) refers to printfb.o(i._sputc) for _sputc
    printfb.o(i.__0vfprintf$bare) refers to printfb.o(i._printf_core) for _printf_core
    printfb.o(i.__0vfprintf$bare) refers to main.o(.text) for fputc
    printfb.o(i.__0vprintf$bare) refers to printfb.o(i._printf_core) for _printf_core
    printfb.o(i.__0vprintf$bare) refers to main.o(.text) for fputc
    printfb.o(i.__0vprintf$bare) refers to stdout.o(.data) for __stdout
    printfb.o(i.__0vsnprintf$bare) refers to printfb.o(i._printf_core) for _printf_core
    printfb.o(i.__0vsnprintf$bare) refers to printfb.o(i._snputc) for _snputc
    printfb.o(i.__0vsprintf$bare) refers to printfb.o(i._printf_core) for _printf_core
    printfb.o(i.__0vsprintf$bare) refers to printfb.o(i._sputc) for _sputc
    printf0.o(i.__0fprintf$0) refers to printf0.o(i._printf_core) for _printf_core
    printf0.o(i.__0fprintf$0) refers to main.o(.text) for fputc
    printf0.o(i.__0printf$0) refers to printf0.o(i._printf_core) for _printf_core
    printf0.o(i.__0printf$0) refers to main.o(.text) for fputc
    printf0.o(i.__0printf$0) refers to stdout.o(.data) for __stdout
    printf0.o(i.__0snprintf$0) refers to printf0.o(i._printf_core) for _printf_core
    printf0.o(i.__0snprintf$0) refers to printf0.o(i._snputc) for _snputc
    printf0.o(i.__0sprintf$0) refers to printf0.o(i._printf_core) for _printf_core
    printf0.o(i.__0sprintf$0) refers to printf0.o(i._sputc) for _sputc
    printf0.o(i.__0vfprintf$0) refers to printf0.o(i._printf_core) for _printf_core
    printf0.o(i.__0vfprintf$0) refers to main.o(.text) for fputc
    printf0.o(i.__0vprintf$0) refers to printf0.o(i._printf_core) for _printf_core
    printf0.o(i.__0vprintf$0) refers to main.o(.text) for fputc
    printf0.o(i.__0vprintf$0) refers to stdout.o(.data) for __stdout
    printf0.o(i.__0vsnprintf$0) refers to printf0.o(i._printf_core) for _printf_core
    printf0.o(i.__0vsnprintf$0) refers to printf0.o(i._snputc) for _snputc
    printf0.o(i.__0vsprintf$0) refers to printf0.o(i._printf_core) for _printf_core
    printf0.o(i.__0vsprintf$0) refers to printf0.o(i._sputc) for _sputc
    printf1.o(i.__0fprintf$1) refers to printf1.o(i._printf_core) for _printf_core
    printf1.o(i.__0fprintf$1) refers to main.o(.text) for fputc
    printf1.o(i.__0printf$1) refers to printf1.o(i._printf_core) for _printf_core
    printf1.o(i.__0printf$1) refers to main.o(.text) for fputc
    printf1.o(i.__0printf$1) refers to stdout.o(.data) for __stdout
    printf1.o(i.__0snprintf$1) refers to printf1.o(i._printf_core) for _printf_core
    printf1.o(i.__0snprintf$1) refers to printf1.o(i._snputc) for _snputc
    printf1.o(i.__0sprintf$1) refers to printf1.o(i._printf_core) for _printf_core
    printf1.o(i.__0sprintf$1) refers to printf1.o(i._sputc) for _sputc
    printf1.o(i.__0vfprintf$1) refers to printf1.o(i._printf_core) for _printf_core
    printf1.o(i.__0vfprintf$1) refers to main.o(.text) for fputc
    printf1.o(i.__0vprintf$1) refers to printf1.o(i._printf_core) for _printf_core
    printf1.o(i.__0vprintf$1) refers to main.o(.text) for fputc
    printf1.o(i.__0vprintf$1) refers to stdout.o(.data) for __stdout
    printf1.o(i.__0vsnprintf$1) refers to printf1.o(i._printf_core) for _printf_core
    printf1.o(i.__0vsnprintf$1) refers to printf1.o(i._snputc) for _snputc
    printf1.o(i.__0vsprintf$1) refers to printf1.o(i._printf_core) for _printf_core
    printf1.o(i.__0vsprintf$1) refers to printf1.o(i._sputc) for _sputc
    printf1.o(i._printf_core) refers to uidiv.o(.text) for __aeabi_uidivmod
    printf2.o(i.__0fprintf$2) refers to printf2.o(i._printf_core) for _printf_core
    printf2.o(i.__0fprintf$2) refers to main.o(.text) for fputc
    printf2.o(i.__0printf$2) refers to printf2.o(i._printf_core) for _printf_core
    printf2.o(i.__0printf$2) refers to main.o(.text) for fputc
    printf2.o(i.__0printf$2) refers to stdout.o(.data) for __stdout
    printf2.o(i.__0snprintf$2) refers to printf2.o(i._printf_core) for _printf_core
    printf2.o(i.__0snprintf$2) refers to printf2.o(i._snputc) for _snputc
    printf2.o(i.__0sprintf$2) refers to printf2.o(i._printf_core) for _printf_core
    printf2.o(i.__0sprintf$2) refers to printf2.o(i._sputc) for _sputc
    printf2.o(i.__0vfprintf$2) refers to printf2.o(i._printf_core) for _printf_core
    printf2.o(i.__0vfprintf$2) refers to main.o(.text) for fputc
    printf2.o(i.__0vprintf$2) refers to printf2.o(i._printf_core) for _printf_core
    printf2.o(i.__0vprintf$2) refers to main.o(.text) for fputc
    printf2.o(i.__0vprintf$2) refers to stdout.o(.data) for __stdout
    printf2.o(i.__0vsnprintf$2) refers to printf2.o(i._printf_core) for _printf_core
    printf2.o(i.__0vsnprintf$2) refers to printf2.o(i._snputc) for _snputc
    printf2.o(i.__0vsprintf$2) refers to printf2.o(i._printf_core) for _printf_core
    printf2.o(i.__0vsprintf$2) refers to printf2.o(i._sputc) for _sputc
    printf3.o(i.__0fprintf$3) refers to printf3.o(i._printf_core) for _printf_core
    printf3.o(i.__0fprintf$3) refers to main.o(.text) for fputc
    printf3.o(i.__0printf$3) refers to printf3.o(i._printf_core) for _printf_core
    printf3.o(i.__0printf$3) refers to main.o(.text) for fputc
    printf3.o(i.__0printf$3) refers to stdout.o(.data) for __stdout
    printf3.o(i.__0snprintf$3) refers to printf3.o(i._printf_core) for _printf_core
    printf3.o(i.__0snprintf$3) refers to printf3.o(i._snputc) for _snputc
    printf3.o(i.__0sprintf$3) refers to printf3.o(i._printf_core) for _printf_core
    printf3.o(i.__0sprintf$3) refers to printf3.o(i._sputc) for _sputc
    printf3.o(i.__0vfprintf$3) refers to printf3.o(i._printf_core) for _printf_core
    printf3.o(i.__0vfprintf$3) refers to main.o(.text) for fputc
    printf3.o(i.__0vprintf$3) refers to printf3.o(i._printf_core) for _printf_core
    printf3.o(i.__0vprintf$3) refers to main.o(.text) for fputc
    printf3.o(i.__0vprintf$3) refers to stdout.o(.data) for __stdout
    printf3.o(i.__0vsnprintf$3) refers to printf3.o(i._printf_core) for _printf_core
    printf3.o(i.__0vsnprintf$3) refers to printf3.o(i._snputc) for _snputc
    printf3.o(i.__0vsprintf$3) refers to printf3.o(i._printf_core) for _printf_core
    printf3.o(i.__0vsprintf$3) refers to printf3.o(i._sputc) for _sputc
    printf3.o(i._printf_core) refers to uidiv.o(.text) for __aeabi_uidivmod
    printf4.o(i.__0fprintf$4) refers to printf4.o(i._printf_core) for _printf_core
    printf4.o(i.__0fprintf$4) refers to main.o(.text) for fputc
    printf4.o(i.__0printf$4) refers to printf4.o(i._printf_core) for _printf_core
    printf4.o(i.__0printf$4) refers to main.o(.text) for fputc
    printf4.o(i.__0printf$4) refers to stdout.o(.data) for __stdout
    printf4.o(i.__0snprintf$4) refers to printf4.o(i._printf_core) for _printf_core
    printf4.o(i.__0snprintf$4) refers to printf4.o(i._snputc) for _snputc
    printf4.o(i.__0sprintf$4) refers to printf4.o(i._printf_core) for _printf_core
    printf4.o(i.__0sprintf$4) refers to printf4.o(i._sputc) for _sputc
    printf4.o(i.__0vfprintf$4) refers to printf4.o(i._printf_core) for _printf_core
    printf4.o(i.__0vfprintf$4) refers to main.o(.text) for fputc
    printf4.o(i.__0vprintf$4) refers to printf4.o(i._printf_core) for _printf_core
    printf4.o(i.__0vprintf$4) refers to main.o(.text) for fputc
    printf4.o(i.__0vprintf$4) refers to stdout.o(.data) for __stdout
    printf4.o(i.__0vsnprintf$4) refers to printf4.o(i._printf_core) for _printf_core
    printf4.o(i.__0vsnprintf$4) refers to printf4.o(i._snputc) for _snputc
    printf4.o(i.__0vsprintf$4) refers to printf4.o(i._printf_core) for _printf_core
    printf4.o(i.__0vsprintf$4) refers to printf4.o(i._sputc) for _sputc
    printf4.o(i._printf_core) refers to uldiv.o(.text) for __aeabi_uldivmod
    printf5.o(i.__0fprintf$5) refers to printf5.o(i._printf_core) for _printf_core
    printf5.o(i.__0fprintf$5) refers to main.o(.text) for fputc
    printf5.o(i.__0printf$5) refers to printf5.o(i._printf_core) for _printf_core
    printf5.o(i.__0printf$5) refers to main.o(.text) for fputc
    printf5.o(i.__0printf$5) refers to stdout.o(.data) for __stdout
    printf5.o(i.__0snprintf$5) refers to printf5.o(i._printf_core) for _printf_core
    printf5.o(i.__0snprintf$5) refers to printf5.o(i._snputc) for _snputc
    printf5.o(i.__0sprintf$5) refers to printf5.o(i._printf_core) for _printf_core
    printf5.o(i.__0sprintf$5) refers to printf5.o(i._sputc) for _sputc
    printf5.o(i.__0vfprintf$5) refers to printf5.o(i._printf_core) for _printf_core
    printf5.o(i.__0vfprintf$5) refers to main.o(.text) for fputc
    printf5.o(i.__0vprintf$5) refers to printf5.o(i._printf_core) for _printf_core
    printf5.o(i.__0vprintf$5) refers to main.o(.text) for fputc
    printf5.o(i.__0vprintf$5) refers to stdout.o(.data) for __stdout
    printf5.o(i.__0vsnprintf$5) refers to printf5.o(i._printf_core) for _printf_core
    printf5.o(i.__0vsnprintf$5) refers to printf5.o(i._snputc) for _snputc
    printf5.o(i.__0vsprintf$5) refers to printf5.o(i._printf_core) for _printf_core
    printf5.o(i.__0vsprintf$5) refers to printf5.o(i._sputc) for _sputc
    printf5.o(i._printf_core) refers to uldiv.o(.text) for __aeabi_uldivmod
    printf6.o(i.__0fprintf$6) refers to printf6.o(i._printf_core) for _printf_core
    printf6.o(i.__0fprintf$6) refers to main.o(.text) for fputc
    printf6.o(i.__0printf$6) refers to printf6.o(i._printf_core) for _printf_core
    printf6.o(i.__0printf$6) refers to main.o(.text) for fputc
    printf6.o(i.__0printf$6) refers to stdout.o(.data) for __stdout
    printf6.o(i.__0snprintf$6) refers to printf6.o(i._printf_core) for _printf_core
    printf6.o(i.__0snprintf$6) refers to printf6.o(i._snputc) for _snputc
    printf6.o(i.__0sprintf$6) refers to printf6.o(i._printf_core) for _printf_core
    printf6.o(i.__0sprintf$6) refers to printf6.o(i._sputc) for _sputc
    printf6.o(i.__0vfprintf$6) refers to printf6.o(i._printf_core) for _printf_core
    printf6.o(i.__0vfprintf$6) refers to main.o(.text) for fputc
    printf6.o(i.__0vprintf$6) refers to printf6.o(i._printf_core) for _printf_core
    printf6.o(i.__0vprintf$6) refers to main.o(.text) for fputc
    printf6.o(i.__0vprintf$6) refers to stdout.o(.data) for __stdout
    printf6.o(i.__0vsnprintf$6) refers to printf6.o(i._printf_core) for _printf_core
    printf6.o(i.__0vsnprintf$6) refers to printf6.o(i._snputc) for _snputc
    printf6.o(i.__0vsprintf$6) refers to printf6.o(i._printf_core) for _printf_core
    printf6.o(i.__0vsprintf$6) refers to printf6.o(i._sputc) for _sputc
    printf6.o(i._printf_core) refers to printf6.o(i._printf_pre_padding) for _printf_pre_padding
    printf6.o(i._printf_core) refers to uidiv.o(.text) for __aeabi_uidivmod
    printf6.o(i._printf_core) refers to printf6.o(i._printf_post_padding) for _printf_post_padding
    printf7.o(i.__0fprintf$7) refers to printf7.o(i._printf_core) for _printf_core
    printf7.o(i.__0fprintf$7) refers to main.o(.text) for fputc
    printf7.o(i.__0printf$7) refers to printf7.o(i._printf_core) for _printf_core
    printf7.o(i.__0printf$7) refers to main.o(.text) for fputc
    printf7.o(i.__0printf$7) refers to stdout.o(.data) for __stdout
    printf7.o(i.__0snprintf$7) refers to printf7.o(i._printf_core) for _printf_core
    printf7.o(i.__0snprintf$7) refers to printf7.o(i._snputc) for _snputc
    printf7.o(i.__0sprintf$7) refers to printf7.o(i._printf_core) for _printf_core
    printf7.o(i.__0sprintf$7) refers to printf7.o(i._sputc) for _sputc
    printf7.o(i.__0vfprintf$7) refers to printf7.o(i._printf_core) for _printf_core
    printf7.o(i.__0vfprintf$7) refers to main.o(.text) for fputc
    printf7.o(i.__0vprintf$7) refers to printf7.o(i._printf_core) for _printf_core
    printf7.o(i.__0vprintf$7) refers to main.o(.text) for fputc
    printf7.o(i.__0vprintf$7) refers to stdout.o(.data) for __stdout
    printf7.o(i.__0vsnprintf$7) refers to printf7.o(i._printf_core) for _printf_core
    printf7.o(i.__0vsnprintf$7) refers to printf7.o(i._snputc) for _snputc
    printf7.o(i.__0vsprintf$7) refers to printf7.o(i._printf_core) for _printf_core
    printf7.o(i.__0vsprintf$7) refers to printf7.o(i._sputc) for _sputc
    printf7.o(i._printf_core) refers to printf7.o(i._printf_pre_padding) for _printf_pre_padding
    printf7.o(i._printf_core) refers to uldiv.o(.text) for __aeabi_uldivmod
    printf7.o(i._printf_core) refers to printf7.o(i._printf_post_padding) for _printf_post_padding
    printf8.o(i.__0fprintf$8) refers to printf8.o(i._printf_core) for _printf_core
    printf8.o(i.__0fprintf$8) refers to main.o(.text) for fputc
    printf8.o(i.__0printf$8) refers to printf8.o(i._printf_core) for _printf_core
    printf8.o(i.__0printf$8) refers to main.o(.text) for fputc
    printf8.o(i.__0printf$8) refers to stdout.o(.data) for __stdout
    printf8.o(i.__0snprintf$8) refers to printf8.o(i._printf_core) for _printf_core
    printf8.o(i.__0snprintf$8) refers to printf8.o(i._snputc) for _snputc
    printf8.o(i.__0sprintf$8) refers to printf8.o(i._printf_core) for _printf_core
    printf8.o(i.__0sprintf$8) refers to printf8.o(i._sputc) for _sputc
    printf8.o(i.__0vfprintf$8) refers to printf8.o(i._printf_core) for _printf_core
    printf8.o(i.__0vfprintf$8) refers to main.o(.text) for fputc
    printf8.o(i.__0vprintf$8) refers to printf8.o(i._printf_core) for _printf_core
    printf8.o(i.__0vprintf$8) refers to main.o(.text) for fputc
    printf8.o(i.__0vprintf$8) refers to stdout.o(.data) for __stdout
    printf8.o(i.__0vsnprintf$8) refers to printf8.o(i._printf_core) for _printf_core
    printf8.o(i.__0vsnprintf$8) refers to printf8.o(i._snputc) for _snputc
    printf8.o(i.__0vsprintf$8) refers to printf8.o(i._printf_core) for _printf_core
    printf8.o(i.__0vsprintf$8) refers to printf8.o(i._sputc) for _sputc
    printf8.o(i._printf_core) refers to printf8.o(i._printf_pre_padding) for _printf_pre_padding
    printf8.o(i._printf_core) refers to uldiv.o(.text) for __aeabi_uldivmod
    printf8.o(i._printf_core) refers to printf8.o(i._printf_post_padding) for _printf_post_padding
    printfa.o(i.__0fprintf) refers (Special) to iusefp.o(.text) for __I$use$fp
    printfa.o(i.__0fprintf) refers to printfa.o(i._printf_core) for _printf_core
    printfa.o(i.__0fprintf) refers to main.o(.text) for fputc
    printfa.o(i.__0printf) refers (Special) to iusefp.o(.text) for __I$use$fp
    printfa.o(i.__0printf) refers to printfa.o(i._printf_core) for _printf_core
    printfa.o(i.__0printf) refers to main.o(.text) for fputc
    printfa.o(i.__0printf) refers to stdout.o(.data) for __stdout
    printfa.o(i.__0snprintf) refers (Special) to iusefp.o(.text) for __I$use$fp
    printfa.o(i.__0snprintf) refers to printfa.o(i._printf_core) for _printf_core
    printfa.o(i.__0snprintf) refers to printfa.o(i._snputc) for _snputc
    printfa.o(i.__0sprintf) refers (Special) to iusefp.o(.text) for __I$use$fp
    printfa.o(i.__0sprintf) refers to printfa.o(i._printf_core) for _printf_core
    printfa.o(i.__0sprintf) refers to printfa.o(i._sputc) for _sputc
    printfa.o(i.__0vfprintf) refers (Special) to iusefp.o(.text) for __I$use$fp
    printfa.o(i.__0vfprintf) refers to printfa.o(i._printf_core) for _printf_core
    printfa.o(i.__0vfprintf) refers to main.o(.text) for fputc
    printfa.o(i.__0vprintf) refers (Special) to iusefp.o(.text) for __I$use$fp
    printfa.o(i.__0vprintf) refers to printfa.o(i._printf_core) for _printf_core
    printfa.o(i.__0vprintf) refers to main.o(.text) for fputc
    printfa.o(i.__0vprintf) refers to stdout.o(.data) for __stdout
    printfa.o(i.__0vsnprintf) refers (Special) to iusefp.o(.text) for __I$use$fp
    printfa.o(i.__0vsnprintf) refers to printfa.o(i._printf_core) for _printf_core
    printfa.o(i.__0vsnprintf) refers to printfa.o(i._snputc) for _snputc
    printfa.o(i.__0vsprintf) refers (Special) to iusefp.o(.text) for __I$use$fp
    printfa.o(i.__0vsprintf) refers to printfa.o(i._printf_core) for _printf_core
    printfa.o(i.__0vsprintf) refers to printfa.o(i._sputc) for _sputc
    printfa.o(i._fp_digits) refers (Special) to iusefp.o(.text) for __I$use$fp
    printfa.o(i._fp_digits) refers to dmul.o(.text) for __aeabi_dmul
    printfa.o(i._fp_digits) refers to ddiv.o(.text) for __aeabi_ddiv
    printfa.o(i._fp_digits) refers to cdrcmple.o(.text) for __aeabi_cdrcmple
    printfa.o(i._fp_digits) refers to dadd.o(.text) for __aeabi_dadd
    printfa.o(i._fp_digits) refers to dfixul.o(.text) for __aeabi_d2ulz
    printfa.o(i._fp_digits) refers to uldiv.o(.text) for __aeabi_uldivmod
    printfa.o(i._printf_core) refers (Special) to iusefp.o(.text) for __I$use$fp
    printfa.o(i._printf_core) refers to printfa.o(i._printf_pre_padding) for _printf_pre_padding
    printfa.o(i._printf_core) refers to uldiv.o(.text) for __aeabi_uldivmod
    printfa.o(i._printf_core) refers to printfa.o(i._printf_post_padding) for _printf_post_padding
    printfa.o(i._printf_core) refers to printfa.o(i._fp_digits) for _fp_digits
    printfa.o(i._printf_core) refers to uidiv.o(.text) for __aeabi_uidivmod
    printfa.o(i._printf_post_padding) refers (Special) to iusefp.o(.text) for __I$use$fp
    printfa.o(i._printf_pre_padding) refers (Special) to iusefp.o(.text) for __I$use$fp
    printfa.o(i._snputc) refers (Special) to iusefp.o(.text) for __I$use$fp
    printfa.o(i._sputc) refers (Special) to iusefp.o(.text) for __I$use$fp
    fmul.o(.text) refers (Special) to iusefp.o(.text) for __I$use$fp
    fdiv.o(.text) refers (Special) to iusefp.o(.text) for __I$use$fp
    fdiv.o(.text) refers to fepilogue.o(.text) for _float_round
    ddiv.o(.text) refers (Special) to iusefp.o(.text) for __I$use$fp
    ddiv.o(.text) refers to depilogue.o(.text) for _double_round
    ffltui.o(.text) refers (Special) to iusefp.o(.text) for __I$use$fp
    ffltui.o(.text) refers to fepilogue.o(.text) for _float_epilogue
    dflti.o(.text) refers (Special) to iusefp.o(.text) for __I$use$fp
    dflti.o(.text) refers to depilogue.o(.text) for _double_epilogue
    ffixi.o(.text) refers (Special) to iusefp.o(.text) for __I$use$fp
    dfixi.o(.text) refers (Special) to iusefp.o(.text) for __I$use$fp
    dfixi.o(.text) refers to llushr.o(.text) for __aeabi_llsr
    f2d.o(.text) refers (Special) to iusefp.o(.text) for __I$use$fp
    entry2.o(.ARM.Collect$$$$00000001) refers to entry2.o(.ARM.Collect$$$$00002712) for __lit__00000000
    entry2.o(.ARM.Collect$$$$00002712) refers to startup_stm32f10x_cl.o(STACK) for __initial_sp
    entry2.o(__vectab_stack_and_reset_area) refers to startup_stm32f10x_cl.o(STACK) for __initial_sp
    entry2.o(__vectab_stack_and_reset_area) refers to entry.o(.ARM.Collect$$$$00000000) for __main
    entry5.o(.ARM.Collect$$$$00000004) refers to init.o(.text) for __scatterload
    entry8.o(.ARM.Collect$$$$00000009) refers to main.o(.text) for main
    uldiv.o(.text) refers to llushr.o(.text) for __aeabi_llsr
    uldiv.o(.text) refers to llshl.o(.text) for __aeabi_llsl
    depilogue.o(.text) refers to llshl.o(.text) for __aeabi_llsl
    depilogue.o(.text) refers to llushr.o(.text) for __aeabi_llsr
    dadd.o(.text) refers to llshl.o(.text) for __aeabi_llsl
    dadd.o(.text) refers to llsshr.o(.text) for __aeabi_lasr
    dadd.o(.text) refers to depilogue.o(.text) for _double_epilogue
    dmul.o(.text) refers to depilogue.o(.text) for _double_epilogue
    dfixul.o(.text) refers to llushr.o(.text) for __aeabi_llsr
    dfixul.o(.text) refers to llshl.o(.text) for __aeabi_llsl
    init.o(.text) refers to entry5.o(.ARM.Collect$$$$00000004) for __main_after_scatterload


==============================================================================

Removing Unused input sections from the image.

    Removing key.o(.text), (140 bytes).
    Removing led.o(.text), (172 bytes).
    Removing stm32f10x_dma.o(.text), (456 bytes).
    Removing stm32f10x_exti.o(.text), (232 bytes).
    Removing core_cm3.o(.emb_text), (32 bytes).
    Removing startup_stm32f10x_cl.o(HEAP), (512 bytes).

6 unused section(s) (total 1544 bytes) removed from the image.

==============================================================================

Image Symbol Table

    Local Symbols

    Symbol Name                              Value     Ov Type        Size  Object(Section)

    ../../microlib/division.c                0x00000000   Number         0  uidiv.o ABSOLUTE
    ../../microlib/division.c                0x00000000   Number         0  uldiv.o ABSOLUTE
    ../../microlib/f2d.c                     0x00000000   Number         0  f2d.o ABSOLUTE
    ../../microlib/fpadd.c                   0x00000000   Number         0  dadd.o ABSOLUTE
    ../../microlib/fpdiv.c                   0x00000000   Number         0  ddiv.o ABSOLUTE
    ../../microlib/fpdiv.c                   0x00000000   Number         0  fdiv.o ABSOLUTE
    ../../microlib/fpepilogue.c              0x00000000   Number         0  depilogue.o ABSOLUTE
    ../../microlib/fpepilogue.c              0x00000000   Number         0  fepilogue.o ABSOLUTE
    ../../microlib/fpfix.c                   0x00000000   Number         0  dfixul.o ABSOLUTE
    ../../microlib/fpfix.c                   0x00000000   Number         0  dfixi.o ABSOLUTE
    ../../microlib/fpfix.c                   0x00000000   Number         0  ffixi.o ABSOLUTE
    ../../microlib/fpflt.c                   0x00000000   Number         0  ffltui.o ABSOLUTE
    ../../microlib/fpflt.c                   0x00000000   Number         0  dflti.o ABSOLUTE
    ../../microlib/fpmul.c                   0x00000000   Number         0  dmul.o ABSOLUTE
    ../../microlib/fpmul.c                   0x00000000   Number         0  fmul.o ABSOLUTE
    ../../microlib/init/entry.s              0x00000000   Number         0  entry8.o ABSOLUTE
    ../../microlib/init/entry.s              0x00000000   Number         0  entry5.o ABSOLUTE
    ../../microlib/init/entry.s              0x00000000   Number         0  entry7a.o ABSOLUTE
    ../../microlib/init/entry.s              0x00000000   Number         0  entry7b.o ABSOLUTE
    ../../microlib/init/entry.s              0x00000000   Number         0  entry.o ABSOLUTE
    ../../microlib/init/entry.s              0x00000000   Number         0  entry2.o ABSOLUTE
    ../../microlib/longlong.c                0x00000000   Number         0  llsshr.o ABSOLUTE
    ../../microlib/longlong.c                0x00000000   Number         0  llshl.o ABSOLUTE
    ../../microlib/longlong.c                0x00000000   Number         0  llushr.o ABSOLUTE
    ../../microlib/printf/printf.c           0x00000000   Number         0  printf6.o ABSOLUTE
    ../../microlib/printf/printf.c           0x00000000   Number         0  printf7.o ABSOLUTE
    ../../microlib/printf/printf.c           0x00000000   Number         0  printfa.o ABSOLUTE
    ../../microlib/printf/printf.c           0x00000000   Number         0  printfb.o ABSOLUTE
    ../../microlib/printf/printf.c           0x00000000   Number         0  printf8.o ABSOLUTE
    ../../microlib/printf/printf.c           0x00000000   Number         0  printf0.o ABSOLUTE
    ../../microlib/printf/printf.c           0x00000000   Number         0  printf1.o ABSOLUTE
    ../../microlib/printf/printf.c           0x00000000   Number         0  printf2.o ABSOLUTE
    ../../microlib/printf/printf.c           0x00000000   Number         0  printf3.o ABSOLUTE
    ../../microlib/printf/printf.c           0x00000000   Number         0  printf4.o ABSOLUTE
    ../../microlib/printf/printf.c           0x00000000   Number         0  printf5.o ABSOLUTE
    ../../microlib/printf/stubs.s            0x00000000   Number         0  stubs.o ABSOLUTE
    ../../microlib/stdio/streams.c           0x00000000   Number         0  stdout.o ABSOLUTE
    ../../microlib/stubs.s                   0x00000000   Number         0  iusefp.o ABSOLUTE
    ..\Lib\CMSIS\CM3\CoreSupport\core_cm3.c  0x00000000   Number         0  core_cm3.o ABSOLUTE
    ..\Lib\CMSIS\CM3\DeviceSupport\ST\STM32F10x\startup\arm\startup_stm32f10x_cl.s 0x00000000   Number         0  startup_stm32f10x_cl.o ABSOLUTE
    ..\Lib\CMSIS\CM3\DeviceSupport\ST\STM32F10x\system_stm32f10x.c 0x00000000   Number         0  system_stm32f10x.o ABSOLUTE
    ..\Lib\STM32F10x_StdPeriph_Driver\src\misc.c 0x00000000   Number         0  misc.o ABSOLUTE
    ..\Lib\STM32F10x_StdPeriph_Driver\src\stm32f10x_adc.c 0x00000000   Number         0  stm32f10x_adc.o ABSOLUTE
    ..\Lib\STM32F10x_StdPeriph_Driver\src\stm32f10x_dma.c 0x00000000   Number         0  stm32f10x_dma.o ABSOLUTE
    ..\Lib\STM32F10x_StdPeriph_Driver\src\stm32f10x_exti.c 0x00000000   Number         0  stm32f10x_exti.o ABSOLUTE
    ..\Lib\STM32F10x_StdPeriph_Driver\src\stm32f10x_flash.c 0x00000000   Number         0  stm32f10x_flash.o ABSOLUTE
    ..\Lib\STM32F10x_StdPeriph_Driver\src\stm32f10x_gpio.c 0x00000000   Number         0  stm32f10x_gpio.o ABSOLUTE
    ..\Lib\STM32F10x_StdPeriph_Driver\src\stm32f10x_rcc.c 0x00000000   Number         0  stm32f10x_rcc.o ABSOLUTE
    ..\Lib\STM32F10x_StdPeriph_Driver\src\stm32f10x_tim.c 0x00000000   Number         0  stm32f10x_tim.o ABSOLUTE
    ..\Lib\STM32F10x_StdPeriph_Driver\src\stm32f10x_usart.c 0x00000000   Number         0  stm32f10x_usart.o ABSOLUTE
    ..\User\adc.c                            0x00000000   Number         0  adc.o ABSOLUTE
    ..\User\delay.c                          0x00000000   Number         0  delay.o ABSOLUTE
    ..\User\key.c                            0x00000000   Number         0  key.o ABSOLUTE
    ..\User\led.c                            0x00000000   Number         0  led.o ABSOLUTE
    ..\User\main.c                           0x00000000   Number         0  main.o ABSOLUTE
    ..\User\rcc_gpio.c                       0x00000000   Number         0  rcc_gpio.o ABSOLUTE
    ..\User\stm32f10x_it.c                   0x00000000   Number         0  stm32f10x_it.o ABSOLUTE
    ..\User\tim.c                            0x00000000   Number         0  tim.o ABSOLUTE
    ..\User\usart.c                          0x00000000   Number         0  usart.o ABSOLUTE
    ..\\Lib\\CMSIS\\CM3\\CoreSupport\\core_cm3.c 0x00000000   Number         0  core_cm3.o ABSOLUTE
    cdrcmple.s                               0x00000000   Number         0  cdrcmple.o ABSOLUTE
    dc.s                                     0x00000000   Number         0  dc.o ABSOLUTE
    handlers.s                               0x00000000   Number         0  handlers.o ABSOLUTE
    init.s                                   0x00000000   Number         0  init.o ABSOLUTE
    RESET                                    0x08000000   Section      336  startup_stm32f10x_cl.o(RESET)
    .ARM.Collect$$$$00000000                 0x08000150   Section        0  entry.o(.ARM.Collect$$$$00000000)
    .ARM.Collect$$$$00000001                 0x08000150   Section        4  entry2.o(.ARM.Collect$$$$00000001)
    .ARM.Collect$$$$00000004                 0x08000154   Section        4  entry5.o(.ARM.Collect$$$$00000004)
    .ARM.Collect$$$$00000008                 0x08000158   Section        0  entry7b.o(.ARM.Collect$$$$00000008)
    .ARM.Collect$$$$00000009                 0x08000158   Section        8  entry8.o(.ARM.Collect$$$$00000009)
    .ARM.Collect$$$$00002712                 0x08000160   Section        4  entry2.o(.ARM.Collect$$$$00002712)
    __lit__00000000                          0x08000160   Data           4  entry2.o(.ARM.Collect$$$$00002712)
    .text                                    0x08000164   Section        0  main.o(.text)
    .text                                    0x08000284   Section        0  delay.o(.text)
    .text                                    0x080002a4   Section        0  stm32f10x_it.o(.text)
    .text                                    0x08000344   Section        0  tim.o(.text)
    .text                                    0x08000418   Section        0  adc.o(.text)
    .text                                    0x080004b0   Section        0  rcc_gpio.o(.text)
    .text                                    0x080005e4   Section        0  usart.o(.text)
    .text                                    0x0800063c   Section        0  misc.o(.text)
    .text                                    0x080006ec   Section        0  stm32f10x_flash.o(.text)
    .text                                    0x08000b64   Section        0  stm32f10x_gpio.o(.text)
    .text                                    0x08000dcc   Section        0  stm32f10x_rcc.o(.text)
    .text                                    0x08001134   Section        0  stm32f10x_tim.o(.text)
    TI2_Config                               0x080014af   Thumb Code   162  stm32f10x_tim.o(.text)
    TI1_Config                               0x08001561   Thumb Code    84  stm32f10x_tim.o(.text)
    .text                                    0x08001ba4   Section        0  stm32f10x_adc.o(.text)
    .text                                    0x08001ec8   Section        0  stm32f10x_usart.o(.text)
    .text                                    0x080021f8   Section        0  system_stm32f10x.o(.text)
    SetSysClockTo72                          0x080021f9   Thumb Code   168  system_stm32f10x.o(.text)
    .text                                    0x080023a0   Section       36  startup_stm32f10x_cl.o(.text)
    .text                                    0x080023c4   Section        0  fmul.o(.text)
    .text                                    0x08002430   Section        0  fdiv.o(.text)
    .text                                    0x080024b0   Section        0  ddiv.o(.text)
    .text                                    0x0800258e   Section        0  ffltui.o(.text)
    .text                                    0x08002598   Section        0  dflti.o(.text)
    .text                                    0x080025ba   Section        0  ffixi.o(.text)
    .text                                    0x080025ec   Section        0  dfixi.o(.text)
    .text                                    0x0800262a   Section        0  f2d.o(.text)
    .text                                    0x08002656   Section        0  uidiv.o(.text)
    .text                                    0x08002682   Section        0  uldiv.o(.text)
    .text                                    0x080026e4   Section        0  llushr.o(.text)
    .text                                    0x08002704   Section        0  iusefp.o(.text)
    .text                                    0x08002704   Section        0  fepilogue.o(.text)
    .text                                    0x08002770   Section        0  depilogue.o(.text)
    .text                                    0x0800282e   Section        0  dadd.o(.text)
    .text                                    0x0800297a   Section        0  dmul.o(.text)
    .text                                    0x08002a5a   Section        0  dfixul.o(.text)
    .text                                    0x08002a8c   Section       40  cdrcmple.o(.text)
    .text                                    0x08002ab4   Section       36  init.o(.text)
    .text                                    0x08002ad8   Section        0  llshl.o(.text)
    .text                                    0x08002af6   Section        0  llsshr.o(.text)
    i.__0printf                              0x08002b1c   Section        0  printfa.o(i.__0printf)
    i.__scatterload_copy                     0x08002b3c   Section       14  handlers.o(i.__scatterload_copy)
    i.__scatterload_null                     0x08002b4a   Section        2  handlers.o(i.__scatterload_null)
    i.__scatterload_zeroinit                 0x08002b4c   Section       14  handlers.o(i.__scatterload_zeroinit)
    i._fp_digits                             0x08002b5c   Section        0  printfa.o(i._fp_digits)
    _fp_digits                               0x08002b5d   Thumb Code   320  printfa.o(i._fp_digits)
    i._printf_core                           0x08002cb0   Section        0  printfa.o(i._printf_core)
    _printf_core                             0x08002cb1   Thumb Code  1782  printfa.o(i._printf_core)
    i._printf_post_padding                   0x080033b4   Section        0  printfa.o(i._printf_post_padding)
    _printf_post_padding                     0x080033b5   Thumb Code    38  printfa.o(i._printf_post_padding)
    i._printf_pre_padding                    0x080033da   Section        0  printfa.o(i._printf_pre_padding)
    _printf_pre_padding                      0x080033db   Thumb Code    48  printfa.o(i._printf_pre_padding)
    .data                                    0x20000000   Section        4  delay.o(.data)
    TimingDelay                              0x20000000   Data           4  delay.o(.data)
    .data                                    0x20000004   Section       16  stm32f10x_it.o(.data)
    .data                                    0x20000014   Section        2  tim.o(.data)
    .data                                    0x20000016   Section       20  stm32f10x_rcc.o(.data)
    ADCPrescTable                            0x20000016   Data           4  stm32f10x_rcc.o(.data)
    APBAHBPrescTable                         0x2000001a   Data          16  stm32f10x_rcc.o(.data)
    .data                                    0x2000002c   Section       20  system_stm32f10x.o(.data)
    .data                                    0x20000040   Section        4  stdout.o(.data)
    STACK                                    0x20000048   Section     1024  startup_stm32f10x_cl.o(STACK)

    Global Symbols

    Symbol Name                              Value     Ov Type        Size  Object(Section)

    BuildAttributes$$THM_ISAv4$P$D$K$B$S$PE$A:L22UL41UL21$X:L11$S22US41US21$IEEE1$IW$USESV6$~STKCKD$USESV7$~SHL$OTIME$ROPI$EBA8$MICROLIB$REQ8$PRES8$EABIv2 0x00000000   Number         0  anon$$obj.o ABSOLUTE
    __ARM_use_no_argv                        0x00000000   Number         0  main.o ABSOLUTE
    _printf_a                                0x00000000   Number         0  stubs.o ABSOLUTE
    _printf_c                                0x00000000   Number         0  stubs.o ABSOLUTE
    _printf_charcount                        0x00000000   Number         0  stubs.o ABSOLUTE
    _printf_d                                0x00000000   Number         0  stubs.o ABSOLUTE
    _printf_e                                0x00000000   Number         0  stubs.o ABSOLUTE
    _printf_f                                0x00000000   Number         0  stubs.o ABSOLUTE
    _printf_flags                            0x00000000   Number         0  stubs.o ABSOLUTE
    _printf_fp_dec                           0x00000000   Number         0  stubs.o ABSOLUTE
    _printf_fp_hex                           0x00000000   Number         0  stubs.o ABSOLUTE
    _printf_g                                0x00000000   Number         0  stubs.o ABSOLUTE
    _printf_i                                0x00000000   Number         0  stubs.o ABSOLUTE
    _printf_int_dec                          0x00000000   Number         0  stubs.o ABSOLUTE
    _printf_l                                0x00000000   Number         0  stubs.o ABSOLUTE
    _printf_lc                               0x00000000   Number         0  stubs.o ABSOLUTE
    _printf_ll                               0x00000000   Number         0  stubs.o ABSOLUTE
    _printf_lld                              0x00000000   Number         0  stubs.o ABSOLUTE
    _printf_lli                              0x00000000   Number         0  stubs.o ABSOLUTE
    _printf_llo                              0x00000000   Number         0  stubs.o ABSOLUTE
    _printf_llu                              0x00000000   Number         0  stubs.o ABSOLUTE
    _printf_llx                              0x00000000   Number         0  stubs.o ABSOLUTE
    _printf_longlong_dec                     0x00000000   Number         0  stubs.o ABSOLUTE
    _printf_longlong_hex                     0x00000000   Number         0  stubs.o ABSOLUTE
    _printf_longlong_oct                     0x00000000   Number         0  stubs.o ABSOLUTE
    _printf_ls                               0x00000000   Number         0  stubs.o ABSOLUTE
    _printf_mbtowc                           0x00000000   Number         0  stubs.o ABSOLUTE
    _printf_n                                0x00000000   Number         0  stubs.o ABSOLUTE
    _printf_o                                0x00000000   Number         0  stubs.o ABSOLUTE
    _printf_p                                0x00000000   Number         0  stubs.o ABSOLUTE
    _printf_percent                          0x00000000   Number         0  stubs.o ABSOLUTE
    _printf_pre_padding                      0x00000000   Number         0  stubs.o ABSOLUTE
    _printf_return_value                     0x00000000   Number         0  stubs.o ABSOLUTE
    _printf_s                                0x00000000   Number         0  stubs.o ABSOLUTE
    _printf_sizespec                         0x00000000   Number         0  stubs.o ABSOLUTE
    _printf_str                              0x00000000   Number         0  stubs.o ABSOLUTE
    _printf_truncate_signed                  0x00000000   Number         0  stubs.o ABSOLUTE
    _printf_truncate_unsigned                0x00000000   Number         0  stubs.o ABSOLUTE
    _printf_u                                0x00000000   Number         0  stubs.o ABSOLUTE
    _printf_wc                               0x00000000   Number         0  stubs.o ABSOLUTE
    _printf_wctomb                           0x00000000   Number         0  stubs.o ABSOLUTE
    _printf_widthprec                        0x00000000   Number         0  stubs.o ABSOLUTE
    _printf_x                                0x00000000   Number         0  stubs.o ABSOLUTE
    __decompress                              - Undefined Weak Reference
    _clock_init                               - Undefined Weak Reference
    __Vectors_Size                           0x00000150   Number         0  startup_stm32f10x_cl.o ABSOLUTE
    __Vectors                                0x08000000   Data           4  startup_stm32f10x_cl.o(RESET)
    __Vectors_End                            0x08000150   Data           0  startup_stm32f10x_cl.o(RESET)
    __main                                   0x08000151   Thumb Code     0  entry.o(.ARM.Collect$$$$00000000)
    _main_stk                                0x08000151   Thumb Code     0  entry2.o(.ARM.Collect$$$$00000001)
    _main_scatterload                        0x08000155   Thumb Code     0  entry5.o(.ARM.Collect$$$$00000004)
    __main_after_scatterload                 0x08000159   Thumb Code     0  entry5.o(.ARM.Collect$$$$00000004)
    _main_clock                              0x08000159   Thumb Code     0  entry7b.o(.ARM.Collect$$$$00000008)
    _main_init                               0x08000159   Thumb Code     0  entry8.o(.ARM.Collect$$$$00000009)
    System_Init                              0x08000165   Thumb Code   116  main.o(.text)
    main                                     0x080001d9   Thumb Code    86  main.o(.text)
    fputc                                    0x0800022f   Thumb Code    30  main.o(.text)
    delay_ms                                 0x08000285   Thumb Code    12  delay.o(.text)
    delay_decrement                          0x08000291   Thumb Code    16  delay.o(.text)
    NMI_Handler                              0x080002a5   Thumb Code     2  stm32f10x_it.o(.text)
    HardFault_Handler                        0x080002a7   Thumb Code     2  stm32f10x_it.o(.text)
    MemManage_Handler                        0x080002a9   Thumb Code     2  stm32f10x_it.o(.text)
    BusFault_Handler                         0x080002ab   Thumb Code     2  stm32f10x_it.o(.text)
    UsageFault_Handler                       0x080002ad   Thumb Code     2  stm32f10x_it.o(.text)
    SVC_Handler                              0x080002af   Thumb Code     2  stm32f10x_it.o(.text)
    DebugMon_Handler                         0x080002b1   Thumb Code     2  stm32f10x_it.o(.text)
    PendSV_Handler                           0x080002b3   Thumb Code     2  stm32f10x_it.o(.text)
    SysTick_Handler                          0x080002b5   Thumb Code     4  stm32f10x_it.o(.text)
    TIM2_IRQHandler                          0x080002b9   Thumb Code    96  stm32f10x_it.o(.text)
    TIM3_IRQHandler                          0x08000319   Thumb Code    30  stm32f10x_it.o(.text)
    TIM_Configuration                        0x08000345   Thumb Code   140  tim.o(.text)
    NVIC_Configuration                       0x080003d1   Thumb Code    64  tim.o(.text)
    ADC_Configuration                        0x08000419   Thumb Code   112  adc.o(.text)
    ADC_GetValue                             0x08000489   Thumb Code    30  adc.o(.text)
    GPIO_Configuration                       0x080004b1   Thumb Code   148  rcc_gpio.o(.text)
    RCC_Configuration                        0x08000545   Thumb Code   144  rcc_gpio.o(.text)
    USART_Configuration                      0x080005e5   Thumb Code    84  usart.o(.text)
    NVIC_PriorityGroupConfig                 0x0800063d   Thumb Code    10  misc.o(.text)
    NVIC_Init                                0x08000647   Thumb Code    90  misc.o(.text)
    NVIC_SetVectorTable                      0x080006a1   Thumb Code    14  misc.o(.text)
    NVIC_SystemLPConfig                      0x080006af   Thumb Code    20  misc.o(.text)
    SysTick_CLKSourceConfig                  0x080006c3   Thumb Code    24  misc.o(.text)
    FLASH_SetLatency                         0x080006ed   Thumb Code    14  stm32f10x_flash.o(.text)
    FLASH_HalfCycleAccessCmd                 0x080006fb   Thumb Code    18  stm32f10x_flash.o(.text)
    FLASH_PrefetchBufferCmd                  0x0800070d   Thumb Code    18  stm32f10x_flash.o(.text)
    FLASH_Unlock                             0x0800071f   Thumb Code    12  stm32f10x_flash.o(.text)
    FLASH_UnlockBank1                        0x0800072b   Thumb Code    12  stm32f10x_flash.o(.text)
    FLASH_Lock                               0x08000737   Thumb Code    12  stm32f10x_flash.o(.text)
    FLASH_LockBank1                          0x08000743   Thumb Code    12  stm32f10x_flash.o(.text)
    FLASH_GetBank1Status                     0x0800074f   Thumb Code    34  stm32f10x_flash.o(.text)
    FLASH_WaitForLastOperation               0x08000771   Thumb Code    34  stm32f10x_flash.o(.text)
    FLASH_ErasePage                          0x08000793   Thumb Code    56  stm32f10x_flash.o(.text)
    FLASH_EraseAllPages                      0x080007cb   Thumb Code    52  stm32f10x_flash.o(.text)
    FLASH_WaitForLastBank1Operation          0x080007ff   Thumb Code    34  stm32f10x_flash.o(.text)
    FLASH_EraseAllBank1Pages                 0x08000821   Thumb Code    52  stm32f10x_flash.o(.text)
    FLASH_GetReadOutProtectionStatus         0x08000855   Thumb Code    14  stm32f10x_flash.o(.text)
    FLASH_EraseOptionBytes                   0x08000863   Thumb Code   108  stm32f10x_flash.o(.text)
    FLASH_ProgramWord                        0x080008cf   Thumb Code    64  stm32f10x_flash.o(.text)
    FLASH_ProgramHalfWord                    0x0800090f   Thumb Code    48  stm32f10x_flash.o(.text)
    FLASH_ProgramOptionByteData              0x0800093f   Thumb Code    62  stm32f10x_flash.o(.text)
    FLASH_EnableWriteProtection              0x0800097d   Thumb Code   158  stm32f10x_flash.o(.text)
    FLASH_ReadOutProtection                  0x08000a1b   Thumb Code   118  stm32f10x_flash.o(.text)
    FLASH_UserOptionByteConfig               0x08000a91   Thumb Code    92  stm32f10x_flash.o(.text)
    FLASH_GetUserOptionByte                  0x08000aed   Thumb Code     8  stm32f10x_flash.o(.text)
    FLASH_GetWriteProtectionOptionByte       0x08000af5   Thumb Code     6  stm32f10x_flash.o(.text)
    FLASH_GetPrefetchBufferStatus            0x08000afb   Thumb Code    14  stm32f10x_flash.o(.text)
    FLASH_ITConfig                           0x08000b09   Thumb Code    18  stm32f10x_flash.o(.text)
    FLASH_GetFlagStatus                      0x08000b1b   Thumb Code    28  stm32f10x_flash.o(.text)
    FLASH_ClearFlag                          0x08000b37   Thumb Code     6  stm32f10x_flash.o(.text)
    FLASH_GetStatus                          0x08000b3d   Thumb Code    34  stm32f10x_flash.o(.text)
    GPIO_DeInit                              0x08000b65   Thumb Code   152  stm32f10x_gpio.o(.text)
    GPIO_AFIODeInit                          0x08000bfd   Thumb Code    22  stm32f10x_gpio.o(.text)
    GPIO_Init                                0x08000c13   Thumb Code   156  stm32f10x_gpio.o(.text)
    GPIO_StructInit                          0x08000caf   Thumb Code    16  stm32f10x_gpio.o(.text)
    GPIO_ReadInputDataBit                    0x08000cbf   Thumb Code    14  stm32f10x_gpio.o(.text)
    GPIO_ReadInputData                       0x08000ccd   Thumb Code     6  stm32f10x_gpio.o(.text)
    GPIO_ReadOutputDataBit                   0x08000cd3   Thumb Code    14  stm32f10x_gpio.o(.text)
    GPIO_ReadOutputData                      0x08000ce1   Thumb Code     6  stm32f10x_gpio.o(.text)
    GPIO_SetBits                             0x08000ce7   Thumb Code     4  stm32f10x_gpio.o(.text)
    GPIO_ResetBits                           0x08000ceb   Thumb Code     4  stm32f10x_gpio.o(.text)
    GPIO_WriteBit                            0x08000cef   Thumb Code    10  stm32f10x_gpio.o(.text)
    GPIO_Write                               0x08000cf9   Thumb Code     4  stm32f10x_gpio.o(.text)
    GPIO_PinLockConfig                       0x08000cfd   Thumb Code    16  stm32f10x_gpio.o(.text)
    GPIO_EventOutputConfig                   0x08000d0d   Thumb Code    22  stm32f10x_gpio.o(.text)
    GPIO_EventOutputCmd                      0x08000d23   Thumb Code     6  stm32f10x_gpio.o(.text)
    GPIO_PinRemapConfig                      0x08000d29   Thumb Code    82  stm32f10x_gpio.o(.text)
    GPIO_EXTILineConfig                      0x08000d7b   Thumb Code    34  stm32f10x_gpio.o(.text)
    GPIO_ETH_MediaInterfaceConfig            0x08000d9d   Thumb Code     6  stm32f10x_gpio.o(.text)
    RCC_DeInit                               0x08000dcd   Thumb Code    62  stm32f10x_rcc.o(.text)
    RCC_HSEConfig                            0x08000e0b   Thumb Code    48  stm32f10x_rcc.o(.text)
    RCC_GetFlagStatus                        0x08000e3b   Thumb Code    42  stm32f10x_rcc.o(.text)
    RCC_WaitForHSEStartUp                    0x08000e65   Thumb Code    38  stm32f10x_rcc.o(.text)
    RCC_AdjustHSICalibrationValue            0x08000e8b   Thumb Code    16  stm32f10x_rcc.o(.text)
    RCC_HSICmd                               0x08000e9b   Thumb Code     6  stm32f10x_rcc.o(.text)
    RCC_PLLConfig                            0x08000ea1   Thumb Code    16  stm32f10x_rcc.o(.text)
    RCC_PLLCmd                               0x08000eb1   Thumb Code     6  stm32f10x_rcc.o(.text)
    RCC_PREDIV1Config                        0x08000eb7   Thumb Code    18  stm32f10x_rcc.o(.text)
    RCC_PREDIV2Config                        0x08000ec9   Thumb Code    14  stm32f10x_rcc.o(.text)
    RCC_PLL2Config                           0x08000ed7   Thumb Code    14  stm32f10x_rcc.o(.text)
    RCC_PLL2Cmd                              0x08000ee5   Thumb Code     6  stm32f10x_rcc.o(.text)
    RCC_PLL3Config                           0x08000eeb   Thumb Code    14  stm32f10x_rcc.o(.text)
    RCC_PLL3Cmd                              0x08000ef9   Thumb Code     6  stm32f10x_rcc.o(.text)
    RCC_SYSCLKConfig                         0x08000eff   Thumb Code    14  stm32f10x_rcc.o(.text)
    RCC_GetSYSCLKSource                      0x08000f0d   Thumb Code    10  stm32f10x_rcc.o(.text)
    RCC_HCLKConfig                           0x08000f17   Thumb Code    14  stm32f10x_rcc.o(.text)
    RCC_PCLK1Config                          0x08000f25   Thumb Code    14  stm32f10x_rcc.o(.text)
    RCC_PCLK2Config                          0x08000f33   Thumb Code    16  stm32f10x_rcc.o(.text)
    RCC_ITConfig                             0x08000f43   Thumb Code    18  stm32f10x_rcc.o(.text)
    RCC_OTGFSCLKConfig                       0x08000f55   Thumb Code     6  stm32f10x_rcc.o(.text)
    RCC_ADCCLKConfig                         0x08000f5b   Thumb Code    14  stm32f10x_rcc.o(.text)
    RCC_I2S2CLKConfig                        0x08000f69   Thumb Code     6  stm32f10x_rcc.o(.text)
    RCC_I2S3CLKConfig                        0x08000f6f   Thumb Code     8  stm32f10x_rcc.o(.text)
    RCC_LSEConfig                            0x08000f77   Thumb Code    26  stm32f10x_rcc.o(.text)
    RCC_LSICmd                               0x08000f91   Thumb Code     6  stm32f10x_rcc.o(.text)
    RCC_RTCCLKConfig                         0x08000f97   Thumb Code    10  stm32f10x_rcc.o(.text)
    RCC_RTCCLKCmd                            0x08000fa1   Thumb Code     8  stm32f10x_rcc.o(.text)
    RCC_GetClocksFreq                        0x08000fa9   Thumb Code   182  stm32f10x_rcc.o(.text)
    RCC_AHBPeriphClockCmd                    0x0800105f   Thumb Code    18  stm32f10x_rcc.o(.text)
    RCC_APB2PeriphClockCmd                   0x08001071   Thumb Code    18  stm32f10x_rcc.o(.text)
    RCC_APB1PeriphClockCmd                   0x08001083   Thumb Code    18  stm32f10x_rcc.o(.text)
    RCC_AHBPeriphResetCmd                    0x08001095   Thumb Code    18  stm32f10x_rcc.o(.text)
    RCC_APB2PeriphResetCmd                   0x080010a7   Thumb Code    18  stm32f10x_rcc.o(.text)
    RCC_APB1PeriphResetCmd                   0x080010b9   Thumb Code    18  stm32f10x_rcc.o(.text)
    RCC_BackupResetCmd                       0x080010cb   Thumb Code     8  stm32f10x_rcc.o(.text)
    RCC_ClockSecuritySystemCmd               0x080010d3   Thumb Code     6  stm32f10x_rcc.o(.text)
    RCC_MCOConfig                            0x080010d9   Thumb Code     6  stm32f10x_rcc.o(.text)
    RCC_ClearFlag                            0x080010df   Thumb Code    12  stm32f10x_rcc.o(.text)
    RCC_GetITStatus                          0x080010eb   Thumb Code    16  stm32f10x_rcc.o(.text)
    RCC_ClearITPendingBit                    0x080010fb   Thumb Code     6  stm32f10x_rcc.o(.text)
    TIM_DeInit                               0x08001135   Thumb Code   304  stm32f10x_tim.o(.text)
    TIM_TimeBaseInit                         0x08001265   Thumb Code   114  stm32f10x_tim.o(.text)
    TIM_OC1Init                              0x080012d7   Thumb Code   106  stm32f10x_tim.o(.text)
    TIM_OC2Init                              0x08001341   Thumb Code   116  stm32f10x_tim.o(.text)
    TIM_OC3Init                              0x080013b5   Thumb Code   112  stm32f10x_tim.o(.text)
    TIM_OC4Init                              0x08001425   Thumb Code    86  stm32f10x_tim.o(.text)
    TIM_SetIC4Prescaler                      0x0800147b   Thumb Code    18  stm32f10x_tim.o(.text)
    TIM_SetIC3Prescaler                      0x0800148d   Thumb Code    16  stm32f10x_tim.o(.text)
    TIM_SetIC2Prescaler                      0x0800149d   Thumb Code    18  stm32f10x_tim.o(.text)
    TIM_SetIC1Prescaler                      0x08001551   Thumb Code    16  stm32f10x_tim.o(.text)
    TIM_ICInit                               0x080015b5   Thumb Code   270  stm32f10x_tim.o(.text)
    TIM_PWMIConfig                           0x080016c3   Thumb Code   104  stm32f10x_tim.o(.text)
    TIM_BDTRConfig                           0x0800172b   Thumb Code    34  stm32f10x_tim.o(.text)
    TIM_TimeBaseStructInit                   0x0800174d   Thumb Code    18  stm32f10x_tim.o(.text)
    TIM_OCStructInit                         0x0800175f   Thumb Code    20  stm32f10x_tim.o(.text)
    TIM_ICStructInit                         0x08001773   Thumb Code    16  stm32f10x_tim.o(.text)
    TIM_BDTRStructInit                       0x08001783   Thumb Code    18  stm32f10x_tim.o(.text)
    TIM_Cmd                                  0x08001795   Thumb Code    20  stm32f10x_tim.o(.text)
    TIM_CtrlPWMOutputs                       0x080017a9   Thumb Code    22  stm32f10x_tim.o(.text)
    TIM_ITConfig                             0x080017bf   Thumb Code    16  stm32f10x_tim.o(.text)
    TIM_GenerateEvent                        0x080017cf   Thumb Code     4  stm32f10x_tim.o(.text)
    TIM_DMAConfig                            0x080017d3   Thumb Code     8  stm32f10x_tim.o(.text)
    TIM_DMACmd                               0x080017db   Thumb Code    16  stm32f10x_tim.o(.text)
    TIM_InternalClockConfig                  0x080017eb   Thumb Code    10  stm32f10x_tim.o(.text)
    TIM_SelectInputTrigger                   0x080017f5   Thumb Code    12  stm32f10x_tim.o(.text)
    TIM_ITRxExternalClockConfig              0x08001801   Thumb Code    18  stm32f10x_tim.o(.text)
    TIM_TIxExternalClockConfig               0x08001813   Thumb Code    44  stm32f10x_tim.o(.text)
    TIM_ETRConfig                            0x0800183f   Thumb Code    18  stm32f10x_tim.o(.text)
    TIM_ETRClockMode1Config                  0x08001851   Thumb Code    18  stm32f10x_tim.o(.text)
    TIM_ETRClockMode2Config                  0x08001863   Thumb Code    18  stm32f10x_tim.o(.text)
    TIM_PrescalerConfig                      0x08001875   Thumb Code     6  stm32f10x_tim.o(.text)
    TIM_CounterModeConfig                    0x0800187b   Thumb Code    12  stm32f10x_tim.o(.text)
    TIM_EncoderInterfaceConfig               0x08001887   Thumb Code    44  stm32f10x_tim.o(.text)
    TIM_ForcedOC1Config                      0x080018b3   Thumb Code    12  stm32f10x_tim.o(.text)
    TIM_ForcedOC2Config                      0x080018bf   Thumb Code    14  stm32f10x_tim.o(.text)
    TIM_ForcedOC3Config                      0x080018cd   Thumb Code    12  stm32f10x_tim.o(.text)
    TIM_ForcedOC4Config                      0x080018d9   Thumb Code    14  stm32f10x_tim.o(.text)
    TIM_ARRPreloadConfig                     0x080018e7   Thumb Code    20  stm32f10x_tim.o(.text)
    TIM_SelectCOM                            0x080018fb   Thumb Code    20  stm32f10x_tim.o(.text)
    TIM_SelectCCDMA                          0x0800190f   Thumb Code    20  stm32f10x_tim.o(.text)
    TIM_CCPreloadControl                     0x08001923   Thumb Code    20  stm32f10x_tim.o(.text)
    TIM_OC1PreloadConfig                     0x08001937   Thumb Code    12  stm32f10x_tim.o(.text)
    TIM_OC2PreloadConfig                     0x08001943   Thumb Code    14  stm32f10x_tim.o(.text)
    TIM_OC3PreloadConfig                     0x08001951   Thumb Code    32  stm32f10x_tim.o(.text)
    TIM_OC4PreloadConfig                     0x08001971   Thumb Code    14  stm32f10x_tim.o(.text)
    TIM_OC1FastConfig                        0x0800197f   Thumb Code    12  stm32f10x_tim.o(.text)
    TIM_OC2FastConfig                        0x0800198b   Thumb Code    14  stm32f10x_tim.o(.text)
    TIM_OC3FastConfig                        0x08001999   Thumb Code    12  stm32f10x_tim.o(.text)
    TIM_OC4FastConfig                        0x080019a5   Thumb Code    14  stm32f10x_tim.o(.text)
    TIM_ClearOC1Ref                          0x080019b3   Thumb Code    12  stm32f10x_tim.o(.text)
    TIM_ClearOC2Ref                          0x080019bf   Thumb Code    14  stm32f10x_tim.o(.text)
    TIM_ClearOC3Ref                          0x080019cd   Thumb Code    12  stm32f10x_tim.o(.text)
    TIM_ClearOC4Ref                          0x080019d9   Thumb Code    14  stm32f10x_tim.o(.text)
    TIM_OC1PolarityConfig                    0x080019e7   Thumb Code    12  stm32f10x_tim.o(.text)
    TIM_OC1NPolarityConfig                   0x080019f3   Thumb Code    12  stm32f10x_tim.o(.text)
    TIM_OC2PolarityConfig                    0x080019ff   Thumb Code    14  stm32f10x_tim.o(.text)
    TIM_OC2NPolarityConfig                   0x08001a0d   Thumb Code    14  stm32f10x_tim.o(.text)
    TIM_OC3PolarityConfig                    0x08001a1b   Thumb Code    14  stm32f10x_tim.o(.text)
    TIM_OC3NPolarityConfig                   0x08001a29   Thumb Code    14  stm32f10x_tim.o(.text)
    TIM_OC4PolarityConfig                    0x08001a37   Thumb Code    14  stm32f10x_tim.o(.text)
    TIM_CCxCmd                               0x08001a45   Thumb Code    22  stm32f10x_tim.o(.text)
    TIM_CCxNCmd                              0x08001a5b   Thumb Code    22  stm32f10x_tim.o(.text)
    TIM_SelectOCxM                           0x08001a71   Thumb Code    66  stm32f10x_tim.o(.text)
    TIM_UpdateDisableConfig                  0x08001ab3   Thumb Code    20  stm32f10x_tim.o(.text)
    TIM_UpdateRequestConfig                  0x08001ac7   Thumb Code    20  stm32f10x_tim.o(.text)
    TIM_SelectHallSensor                     0x08001adb   Thumb Code    20  stm32f10x_tim.o(.text)
    TIM_SelectOnePulseMode                   0x08001aef   Thumb Code    16  stm32f10x_tim.o(.text)
    TIM_SelectOutputTrigger                  0x08001aff   Thumb Code    16  stm32f10x_tim.o(.text)
    TIM_SelectSlaveMode                      0x08001b0f   Thumb Code    16  stm32f10x_tim.o(.text)
    TIM_SelectMasterSlaveMode                0x08001b1f   Thumb Code    16  stm32f10x_tim.o(.text)
    TIM_SetCounter                           0x08001b2f   Thumb Code     4  stm32f10x_tim.o(.text)
    TIM_SetAutoreload                        0x08001b33   Thumb Code     4  stm32f10x_tim.o(.text)
    TIM_SetCompare1                          0x08001b37   Thumb Code     4  stm32f10x_tim.o(.text)
    TIM_SetCompare2                          0x08001b3b   Thumb Code     4  stm32f10x_tim.o(.text)
    TIM_SetCompare3                          0x08001b3f   Thumb Code     4  stm32f10x_tim.o(.text)
    TIM_SetCompare4                          0x08001b43   Thumb Code     6  stm32f10x_tim.o(.text)
    TIM_SetClockDivision                     0x08001b49   Thumb Code    16  stm32f10x_tim.o(.text)
    TIM_GetCapture1                          0x08001b59   Thumb Code     4  stm32f10x_tim.o(.text)
    TIM_GetCapture2                          0x08001b5d   Thumb Code     4  stm32f10x_tim.o(.text)
    TIM_GetCapture3                          0x08001b61   Thumb Code     4  stm32f10x_tim.o(.text)
    TIM_GetCapture4                          0x08001b65   Thumb Code     6  stm32f10x_tim.o(.text)
    TIM_GetCounter                           0x08001b6b   Thumb Code     4  stm32f10x_tim.o(.text)
    TIM_GetPrescaler                         0x08001b6f   Thumb Code     4  stm32f10x_tim.o(.text)
    TIM_GetFlagStatus                        0x08001b73   Thumb Code    14  stm32f10x_tim.o(.text)
    TIM_ClearFlag                            0x08001b81   Thumb Code     6  stm32f10x_tim.o(.text)
    TIM_GetITStatus                          0x08001b87   Thumb Code    24  stm32f10x_tim.o(.text)
    TIM_ClearITPendingBit                    0x08001b9f   Thumb Code     6  stm32f10x_tim.o(.text)
    ADC_DeInit                               0x08001ba5   Thumb Code    56  stm32f10x_adc.o(.text)
    ADC_Init                                 0x08001bdd   Thumb Code    62  stm32f10x_adc.o(.text)
    ADC_StructInit                           0x08001c1b   Thumb Code    18  stm32f10x_adc.o(.text)
    ADC_Cmd                                  0x08001c2d   Thumb Code    20  stm32f10x_adc.o(.text)
    ADC_DMACmd                               0x08001c41   Thumb Code    20  stm32f10x_adc.o(.text)
    ADC_ITConfig                             0x08001c55   Thumb Code    18  stm32f10x_adc.o(.text)
    ADC_ResetCalibration                     0x08001c67   Thumb Code    10  stm32f10x_adc.o(.text)
    ADC_GetResetCalibrationStatus            0x08001c71   Thumb Code    14  stm32f10x_adc.o(.text)
    ADC_StartCalibration                     0x08001c7f   Thumb Code    10  stm32f10x_adc.o(.text)
    ADC_GetCalibrationStatus                 0x08001c89   Thumb Code    14  stm32f10x_adc.o(.text)
    ADC_SoftwareStartConvCmd                 0x08001c97   Thumb Code    20  stm32f10x_adc.o(.text)
    ADC_GetSoftwareStartConvStatus           0x08001cab   Thumb Code    14  stm32f10x_adc.o(.text)
    ADC_DiscModeChannelCountConfig           0x08001cb9   Thumb Code    16  stm32f10x_adc.o(.text)
    ADC_DiscModeCmd                          0x08001cc9   Thumb Code    20  stm32f10x_adc.o(.text)
    ADC_RegularChannelConfig                 0x08001cdd   Thumb Code   116  stm32f10x_adc.o(.text)
    ADC_ExternalTrigConvCmd                  0x08001d51   Thumb Code    20  stm32f10x_adc.o(.text)
    ADC_GetConversionValue                   0x08001d65   Thumb Code     6  stm32f10x_adc.o(.text)
    ADC_GetDualModeConversionValue           0x08001d6b   Thumb Code     8  stm32f10x_adc.o(.text)
    ADC_AutoInjectedConvCmd                  0x08001d73   Thumb Code    20  stm32f10x_adc.o(.text)
    ADC_InjectedDiscModeCmd                  0x08001d87   Thumb Code    20  stm32f10x_adc.o(.text)
    ADC_ExternalTrigInjectedConvConfig       0x08001d9b   Thumb Code    12  stm32f10x_adc.o(.text)
    ADC_ExternalTrigInjectedConvCmd          0x08001da7   Thumb Code    20  stm32f10x_adc.o(.text)
    ADC_SoftwareStartInjectedConvCmd         0x08001dbb   Thumb Code    20  stm32f10x_adc.o(.text)
    ADC_GetSoftwareStartInjectedConvCmdStatus 0x08001dcf   Thumb Code    14  stm32f10x_adc.o(.text)
    ADC_InjectedChannelConfig                0x08001ddd   Thumb Code    74  stm32f10x_adc.o(.text)
    ADC_InjectedSequencerLengthConfig        0x08001e27   Thumb Code    16  stm32f10x_adc.o(.text)
    ADC_SetInjectedOffset                    0x08001e37   Thumb Code     4  stm32f10x_adc.o(.text)
    ADC_GetInjectedConversionValue           0x08001e3b   Thumb Code     8  stm32f10x_adc.o(.text)
    ADC_AnalogWatchdogCmd                    0x08001e43   Thumb Code    12  stm32f10x_adc.o(.text)
    ADC_AnalogWatchdogThresholdsConfig       0x08001e4f   Thumb Code     6  stm32f10x_adc.o(.text)
    ADC_AnalogWatchdogSingleChannelConfig    0x08001e55   Thumb Code    12  stm32f10x_adc.o(.text)
    ADC_TempSensorVrefintCmd                 0x08001e61   Thumb Code    24  stm32f10x_adc.o(.text)
    ADC_GetFlagStatus                        0x08001e79   Thumb Code    14  stm32f10x_adc.o(.text)
    ADC_ClearFlag                            0x08001e87   Thumb Code     6  stm32f10x_adc.o(.text)
    ADC_GetITStatus                          0x08001e8d   Thumb Code    28  stm32f10x_adc.o(.text)
    ADC_ClearITPendingBit                    0x08001ea9   Thumb Code     8  stm32f10x_adc.o(.text)
    USART_DeInit                             0x08001ec9   Thumb Code    96  stm32f10x_usart.o(.text)
    USART_Init                               0x08001f29   Thumb Code   176  stm32f10x_usart.o(.text)
    USART_StructInit                         0x08001fd9   Thumb Code    22  stm32f10x_usart.o(.text)
    USART_ClockInit                          0x08001fef   Thumb Code    30  stm32f10x_usart.o(.text)
    USART_ClockStructInit                    0x0800200d   Thumb Code    12  stm32f10x_usart.o(.text)
    USART_Cmd                                0x08002019   Thumb Code    20  stm32f10x_usart.o(.text)
    USART_ITConfig                           0x0800202d   Thumb Code    48  stm32f10x_usart.o(.text)
    USART_DMACmd                             0x0800205d   Thumb Code    16  stm32f10x_usart.o(.text)
    USART_SetAddress                         0x0800206d   Thumb Code    16  stm32f10x_usart.o(.text)
    USART_WakeUpConfig                       0x0800207d   Thumb Code    16  stm32f10x_usart.o(.text)
    USART_ReceiverWakeUpCmd                  0x0800208d   Thumb Code    20  stm32f10x_usart.o(.text)
    USART_LINBreakDetectLengthConfig         0x080020a1   Thumb Code    16  stm32f10x_usart.o(.text)
    USART_LINCmd                             0x080020b1   Thumb Code    20  stm32f10x_usart.o(.text)
    USART_SendData                           0x080020c5   Thumb Code     8  stm32f10x_usart.o(.text)
    USART_ReceiveData                        0x080020cd   Thumb Code     8  stm32f10x_usart.o(.text)
    USART_SendBreak                          0x080020d5   Thumb Code    10  stm32f10x_usart.o(.text)
    USART_SetGuardTime                       0x080020df   Thumb Code    16  stm32f10x_usart.o(.text)
    USART_SetPrescaler                       0x080020ef   Thumb Code    16  stm32f10x_usart.o(.text)
    USART_SmartCardCmd                       0x080020ff   Thumb Code    20  stm32f10x_usart.o(.text)
    USART_SmartCardNACKCmd                   0x08002113   Thumb Code    20  stm32f10x_usart.o(.text)
    USART_HalfDuplexCmd                      0x08002127   Thumb Code    20  stm32f10x_usart.o(.text)
    USART_OverSampling8Cmd                   0x0800213b   Thumb Code    20  stm32f10x_usart.o(.text)
    USART_OneBitMethodCmd                    0x0800214f   Thumb Code    20  stm32f10x_usart.o(.text)
    USART_IrDAConfig                         0x08002163   Thumb Code    16  stm32f10x_usart.o(.text)
    USART_IrDACmd                            0x08002173   Thumb Code    20  stm32f10x_usart.o(.text)
    USART_GetFlagStatus                      0x08002187   Thumb Code    14  stm32f10x_usart.o(.text)
    USART_ClearFlag                          0x08002195   Thumb Code     6  stm32f10x_usart.o(.text)
    USART_GetITStatus                        0x0800219b   Thumb Code    62  stm32f10x_usart.o(.text)
    USART_ClearITPendingBit                  0x080021d9   Thumb Code    12  stm32f10x_usart.o(.text)
    SystemInit                               0x080022a1   Thumb Code    76  system_stm32f10x.o(.text)
    SystemCoreClockUpdate                    0x080022ed   Thumb Code   134  system_stm32f10x.o(.text)
    Reset_Handler                            0x080023a1   Thumb Code     8  startup_stm32f10x_cl.o(.text)
    ADC1_2_IRQHandler                        0x080023bb   Thumb Code     0  startup_stm32f10x_cl.o(.text)
    CAN1_RX0_IRQHandler                      0x080023bb   Thumb Code     0  startup_stm32f10x_cl.o(.text)
    CAN1_RX1_IRQHandler                      0x080023bb   Thumb Code     0  startup_stm32f10x_cl.o(.text)
    CAN1_SCE_IRQHandler                      0x080023bb   Thumb Code     0  startup_stm32f10x_cl.o(.text)
    CAN1_TX_IRQHandler                       0x080023bb   Thumb Code     0  startup_stm32f10x_cl.o(.text)
    CAN2_RX0_IRQHandler                      0x080023bb   Thumb Code     0  startup_stm32f10x_cl.o(.text)
    CAN2_RX1_IRQHandler                      0x080023bb   Thumb Code     0  startup_stm32f10x_cl.o(.text)
    CAN2_SCE_IRQHandler                      0x080023bb   Thumb Code     0  startup_stm32f10x_cl.o(.text)
    CAN2_TX_IRQHandler                       0x080023bb   Thumb Code     0  startup_stm32f10x_cl.o(.text)
    DMA1_Channel1_IRQHandler                 0x080023bb   Thumb Code     0  startup_stm32f10x_cl.o(.text)
    DMA1_Channel2_IRQHandler                 0x080023bb   Thumb Code     0  startup_stm32f10x_cl.o(.text)
    DMA1_Channel3_IRQHandler                 0x080023bb   Thumb Code     0  startup_stm32f10x_cl.o(.text)
    DMA1_Channel4_IRQHandler                 0x080023bb   Thumb Code     0  startup_stm32f10x_cl.o(.text)
    DMA1_Channel5_IRQHandler                 0x080023bb   Thumb Code     0  startup_stm32f10x_cl.o(.text)
    DMA1_Channel6_IRQHandler                 0x080023bb   Thumb Code     0  startup_stm32f10x_cl.o(.text)
    DMA1_Channel7_IRQHandler                 0x080023bb   Thumb Code     0  startup_stm32f10x_cl.o(.text)
    DMA2_Channel1_IRQHandler                 0x080023bb   Thumb Code     0  startup_stm32f10x_cl.o(.text)
    DMA2_Channel2_IRQHandler                 0x080023bb   Thumb Code     0  startup_stm32f10x_cl.o(.text)
    DMA2_Channel3_IRQHandler                 0x080023bb   Thumb Code     0  startup_stm32f10x_cl.o(.text)
    DMA2_Channel4_IRQHandler                 0x080023bb   Thumb Code     0  startup_stm32f10x_cl.o(.text)
    DMA2_Channel5_IRQHandler                 0x080023bb   Thumb Code     0  startup_stm32f10x_cl.o(.text)
    ETH_IRQHandler                           0x080023bb   Thumb Code     0  startup_stm32f10x_cl.o(.text)
    ETH_WKUP_IRQHandler                      0x080023bb   Thumb Code     0  startup_stm32f10x_cl.o(.text)
    EXTI0_IRQHandler                         0x080023bb   Thumb Code     0  startup_stm32f10x_cl.o(.text)
    EXTI15_10_IRQHandler                     0x080023bb   Thumb Code     0  startup_stm32f10x_cl.o(.text)
    EXTI1_IRQHandler                         0x080023bb   Thumb Code     0  startup_stm32f10x_cl.o(.text)
    EXTI2_IRQHandler                         0x080023bb   Thumb Code     0  startup_stm32f10x_cl.o(.text)
    EXTI3_IRQHandler                         0x080023bb   Thumb Code     0  startup_stm32f10x_cl.o(.text)
    EXTI4_IRQHandler                         0x080023bb   Thumb Code     0  startup_stm32f10x_cl.o(.text)
    EXTI9_5_IRQHandler                       0x080023bb   Thumb Code     0  startup_stm32f10x_cl.o(.text)
    FLASH_IRQHandler                         0x080023bb   Thumb Code     0  startup_stm32f10x_cl.o(.text)
    I2C1_ER_IRQHandler                       0x080023bb   Thumb Code     0  startup_stm32f10x_cl.o(.text)
    I2C1_EV_IRQHandler                       0x080023bb   Thumb Code     0  startup_stm32f10x_cl.o(.text)
    I2C2_ER_IRQHandler                       0x080023bb   Thumb Code     0  startup_stm32f10x_cl.o(.text)
    I2C2_EV_IRQHandler                       0x080023bb   Thumb Code     0  startup_stm32f10x_cl.o(.text)
    OTG_FS_IRQHandler                        0x080023bb   Thumb Code     0  startup_stm32f10x_cl.o(.text)
    OTG_FS_WKUP_IRQHandler                   0x080023bb   Thumb Code     0  startup_stm32f10x_cl.o(.text)
    PVD_IRQHandler                           0x080023bb   Thumb Code     0  startup_stm32f10x_cl.o(.text)
    RCC_IRQHandler                           0x080023bb   Thumb Code     0  startup_stm32f10x_cl.o(.text)
    RTCAlarm_IRQHandler                      0x080023bb   Thumb Code     0  startup_stm32f10x_cl.o(.text)
    RTC_IRQHandler                           0x080023bb   Thumb Code     0  startup_stm32f10x_cl.o(.text)
    SPI1_IRQHandler                          0x080023bb   Thumb Code     0  startup_stm32f10x_cl.o(.text)
    SPI2_IRQHandler                          0x080023bb   Thumb Code     0  startup_stm32f10x_cl.o(.text)
    SPI3_IRQHandler                          0x080023bb   Thumb Code     0  startup_stm32f10x_cl.o(.text)
    TAMPER_IRQHandler                        0x080023bb   Thumb Code     0  startup_stm32f10x_cl.o(.text)
    TIM1_BRK_IRQHandler                      0x080023bb   Thumb Code     0  startup_stm32f10x_cl.o(.text)
    TIM1_CC_IRQHandler                       0x080023bb   Thumb Code     0  startup_stm32f10x_cl.o(.text)
    TIM1_TRG_COM_IRQHandler                  0x080023bb   Thumb Code     0  startup_stm32f10x_cl.o(.text)
    TIM1_UP_IRQHandler                       0x080023bb   Thumb Code     0  startup_stm32f10x_cl.o(.text)
    TIM4_IRQHandler                          0x080023bb   Thumb Code     0  startup_stm32f10x_cl.o(.text)
    TIM5_IRQHandler                          0x080023bb   Thumb Code     0  startup_stm32f10x_cl.o(.text)
    TIM6_IRQHandler                          0x080023bb   Thumb Code     0  startup_stm32f10x_cl.o(.text)
    TIM7_IRQHandler                          0x080023bb   Thumb Code     0  startup_stm32f10x_cl.o(.text)
    UART4_IRQHandler                         0x080023bb   Thumb Code     0  startup_stm32f10x_cl.o(.text)
    UART5_IRQHandler                         0x080023bb   Thumb Code     0  startup_stm32f10x_cl.o(.text)
    USART1_IRQHandler                        0x080023bb   Thumb Code     0  startup_stm32f10x_cl.o(.text)
    USART2_IRQHandler                        0x080023bb   Thumb Code     0  startup_stm32f10x_cl.o(.text)
    USART3_IRQHandler                        0x080023bb   Thumb Code     0  startup_stm32f10x_cl.o(.text)
    WWDG_IRQHandler                          0x080023bb   Thumb Code     0  startup_stm32f10x_cl.o(.text)
    __aeabi_fmul                             0x080023c5   Thumb Code   108  fmul.o(.text)
    __aeabi_fdiv                             0x08002431   Thumb Code   128  fdiv.o(.text)
    __aeabi_ddiv                             0x080024b1   Thumb Code   222  ddiv.o(.text)
    __aeabi_ui2f                             0x0800258f   Thumb Code    10  ffltui.o(.text)
    __aeabi_i2d                              0x08002599   Thumb Code    34  dflti.o(.text)
    __aeabi_f2iz                             0x080025bb   Thumb Code    50  ffixi.o(.text)
    __aeabi_d2iz                             0x080025ed   Thumb Code    62  dfixi.o(.text)
    __aeabi_f2d                              0x0800262b   Thumb Code    44  f2d.o(.text)
    __aeabi_uidiv                            0x08002657   Thumb Code     0  uidiv.o(.text)
    __aeabi_uidivmod                         0x08002657   Thumb Code    44  uidiv.o(.text)
    __aeabi_uldivmod                         0x08002683   Thumb Code    98  uldiv.o(.text)
    __aeabi_llsr                             0x080026e5   Thumb Code    32  llushr.o(.text)
    _ll_ushift_r                             0x080026e5   Thumb Code     0  llushr.o(.text)
    __I$use$fp                               0x08002705   Thumb Code     0  iusefp.o(.text)
    _float_round                             0x08002705   Thumb Code    18  fepilogue.o(.text)
    _float_epilogue                          0x08002717   Thumb Code    90  fepilogue.o(.text)
    _double_round                            0x08002771   Thumb Code    26  depilogue.o(.text)
    _double_epilogue                         0x0800278b   Thumb Code   164  depilogue.o(.text)
    __aeabi_dadd                             0x0800282f   Thumb Code   320  dadd.o(.text)
    __aeabi_dsub                             0x0800296f   Thumb Code     6  dadd.o(.text)
    __aeabi_drsub                            0x08002975   Thumb Code     6  dadd.o(.text)
    __aeabi_dmul                             0x0800297b   Thumb Code   224  dmul.o(.text)
    __aeabi_d2ulz                            0x08002a5b   Thumb Code    48  dfixul.o(.text)
    __aeabi_cdrcmple                         0x08002a8d   Thumb Code    38  cdrcmple.o(.text)
    __scatterload                            0x08002ab5   Thumb Code    28  init.o(.text)
    __scatterload_rt2                        0x08002ab5   Thumb Code     0  init.o(.text)
    __aeabi_llsl                             0x08002ad9   Thumb Code    30  llshl.o(.text)
    _ll_shift_l                              0x08002ad9   Thumb Code     0  llshl.o(.text)
    __aeabi_lasr                             0x08002af7   Thumb Code    36  llsshr.o(.text)
    _ll_sshift_r                             0x08002af7   Thumb Code     0  llsshr.o(.text)
    __0printf                                0x08002b1d   Thumb Code    22  printfa.o(i.__0printf)
    __1printf                                0x08002b1d   Thumb Code     0  printfa.o(i.__0printf)
    __2printf                                0x08002b1d   Thumb Code     0  printfa.o(i.__0printf)
    __c89printf                              0x08002b1d   Thumb Code     0  printfa.o(i.__0printf)
    printf                                   0x08002b1d   Thumb Code     0  printfa.o(i.__0printf)
    __scatterload_copy                       0x08002b3d   Thumb Code    14  handlers.o(i.__scatterload_copy)
    __scatterload_null                       0x08002b4b   Thumb Code     2  handlers.o(i.__scatterload_null)
    __scatterload_zeroinit                   0x08002b4d   Thumb Code    14  handlers.o(i.__scatterload_zeroinit)
    Region$$Table$$Base                      0x0800340c   Number         0  anon$$obj.o(Region$$Table)
    Region$$Table$$Limit                     0x0800342c   Number         0  anon$$obj.o(Region$$Table)
    capture                                  0x20000004   Data           2  stm32f10x_it.o(.data)
    flag                                     0x20000008   Data           4  stm32f10x_it.o(.data)
    Increment_High                           0x2000000c   Data           4  stm32f10x_it.o(.data)
    Increment_Low                            0x20000010   Data           4  stm32f10x_it.o(.data)
    CCR1_Val                                 0x20000014   Data           2  tim.o(.data)
    SystemCoreClock                          0x2000002c   Data           4  system_stm32f10x.o(.data)
    AHBPrescTable                            0x20000030   Data          16  system_stm32f10x.o(.data)
    __stdout                                 0x20000040   Data           4  stdout.o(.data)
    __initial_sp                             0x20000448   Data           0  startup_stm32f10x_cl.o(STACK)



==============================================================================

Memory Map of the image

  Image Entry point : 0x080023a1

  Load Region LR_1 (Base: 0x08000000, Size: 0x00003470, Max: 0xffffffff, ABSOLUTE)

    Execution Region ER_RO (Base: 0x08000000, Size: 0x0000342c, Max: 0xffffffff, ABSOLUTE)

    Base Addr    Size         Type   Attr      Idx    E Section Name        Object

    0x08000000   0x00000150   Data   RO          334    RESET               startup_stm32f10x_cl.o
    0x08000150   0x00000000   Code   RO          339  * .ARM.Collect$$$$00000000  mc_w.l(entry.o)
    0x08000150   0x00000004   Code   RO          619    .ARM.Collect$$$$00000001  mc_w.l(entry2.o)
    0x08000154   0x00000004   Code   RO          622    .ARM.Collect$$$$00000004  mc_w.l(entry5.o)
    0x08000158   0x00000000   Code   RO          624    .ARM.Collect$$$$00000008  mc_w.l(entry7b.o)
    0x08000158   0x00000008   Code   RO          625    .ARM.Collect$$$$00000009  mc_w.l(entry8.o)
    0x08000160   0x00000004   Code   RO          620    .ARM.Collect$$$$00002712  mc_w.l(entry2.o)
    0x08000164   0x00000120   Code   RO            1    .text               main.o
    0x08000284   0x00000020   Code   RO           69    .text               delay.o
    0x080002a4   0x000000a0   Code   RO          111    .text               stm32f10x_it.o
    0x08000344   0x000000d4   Code   RO          129    .text               tim.o
    0x08000418   0x00000098   Code   RO          146    .text               adc.o
    0x080004b0   0x00000134   Code   RO          161    .text               rcc_gpio.o
    0x080005e4   0x00000058   Code   RO          176    .text               usart.o
    0x0800063c   0x000000b0   Code   RO          188    .text               misc.o
    0x080006ec   0x00000478   Code   RO          200    .text               stm32f10x_flash.o
    0x08000b64   0x00000268   Code   RO          213    .text               stm32f10x_gpio.o
    0x08000dcc   0x00000368   Code   RO          225    .text               stm32f10x_rcc.o
    0x08001134   0x00000a70   Code   RO          239    .text               stm32f10x_tim.o
    0x08001ba4   0x00000324   Code   RO          252    .text               stm32f10x_adc.o
    0x08001ec8   0x00000330   Code   RO          291    .text               stm32f10x_usart.o
    0x080021f8   0x000001a8   Code   RO          314    .text               system_stm32f10x.o
    0x080023a0   0x00000024   Code   RO          335  * .text               startup_stm32f10x_cl.o
    0x080023c4   0x0000006c   Code   RO          603    .text               mf_w.l(fmul.o)
    0x08002430   0x00000080   Code   RO          605    .text               mf_w.l(fdiv.o)
    0x080024b0   0x000000de   Code   RO          607    .text               mf_w.l(ddiv.o)
    0x0800258e   0x0000000a   Code   RO          609    .text               mf_w.l(ffltui.o)
    0x08002598   0x00000022   Code   RO          611    .text               mf_w.l(dflti.o)
    0x080025ba   0x00000032   Code   RO          613    .text               mf_w.l(ffixi.o)
    0x080025ec   0x0000003e   Code   RO          615    .text               mf_w.l(dfixi.o)
    0x0800262a   0x0000002c   Code   RO          617    .text               mf_w.l(f2d.o)
    0x08002656   0x0000002c   Code   RO          627    .text               mc_w.l(uidiv.o)
    0x08002682   0x00000062   Code   RO          629    .text               mc_w.l(uldiv.o)
    0x080026e4   0x00000020   Code   RO          631    .text               mc_w.l(llushr.o)
    0x08002704   0x00000000   Code   RO          633    .text               mc_w.l(iusefp.o)
    0x08002704   0x0000006c   Code   RO          634    .text               mf_w.l(fepilogue.o)
    0x08002770   0x000000be   Code   RO          636    .text               mf_w.l(depilogue.o)
    0x0800282e   0x0000014c   Code   RO          638    .text               mf_w.l(dadd.o)
    0x0800297a   0x000000e0   Code   RO          640    .text               mf_w.l(dmul.o)
    0x08002a5a   0x00000030   Code   RO          642    .text               mf_w.l(dfixul.o)
    0x08002a8a   0x00000002   PAD
    0x08002a8c   0x00000028   Code   RO          644    .text               mf_w.l(cdrcmple.o)
    0x08002ab4   0x00000024   Code   RO          646    .text               mc_w.l(init.o)
    0x08002ad8   0x0000001e   Code   RO          648    .text               mc_w.l(llshl.o)
    0x08002af6   0x00000024   Code   RO          650    .text               mc_w.l(llsshr.o)
    0x08002b1a   0x00000002   PAD
    0x08002b1c   0x00000020   Code   RO          575    i.__0printf         mc_w.l(printfa.o)
    0x08002b3c   0x0000000e   Code   RO          654    i.__scatterload_copy  mc_w.l(handlers.o)
    0x08002b4a   0x00000002   Code   RO          655    i.__scatterload_null  mc_w.l(handlers.o)
    0x08002b4c   0x0000000e   Code   RO          656    i.__scatterload_zeroinit  mc_w.l(handlers.o)
    0x08002b5a   0x00000002   PAD
    0x08002b5c   0x00000154   Code   RO          582    i._fp_digits        mc_w.l(printfa.o)
    0x08002cb0   0x00000704   Code   RO          583    i._printf_core      mc_w.l(printfa.o)
    0x080033b4   0x00000026   Code   RO          584    i._printf_post_padding  mc_w.l(printfa.o)
    0x080033da   0x00000030   Code   RO          585    i._printf_pre_padding  mc_w.l(printfa.o)
    0x0800340a   0x00000002   PAD
    0x0800340c   0x00000020   Data   RO          652    Region$$Table       anon$$obj.o


    Execution Region ER_RW (Base: 0x20000000, Size: 0x00000044, Max: 0xffffffff, ABSOLUTE)

    Base Addr    Size         Type   Attr      Idx    E Section Name        Object

    0x20000000   0x00000004   Data   RW           70    .data               delay.o
    0x20000004   0x00000010   Data   RW          112    .data               stm32f10x_it.o
    0x20000014   0x00000002   Data   RW          130    .data               tim.o
    0x20000016   0x00000014   Data   RW          226    .data               stm32f10x_rcc.o
    0x2000002a   0x00000002   PAD
    0x2000002c   0x00000014   Data   RW          315    .data               system_stm32f10x.o
    0x20000040   0x00000004   Data   RW          626    .data               mc_w.l(stdout.o)


    Execution Region ER_ZI (Base: 0x20000044, Size: 0x00000404, Max: 0xffffffff, ABSOLUTE)

    Base Addr    Size         Type   Attr      Idx    E Section Name        Object

    0x20000044   0x00000004   PAD
    0x20000048   0x00000400   Zero   RW          332    STACK               startup_stm32f10x_cl.o


==============================================================================

Image component sizes


      Code (inc. data)   RO Data    RW Data    ZI Data      Debug   Object Name

       152         10          0          0          0       9753   adc.o
         0          0          0          0          0         32   core_cm3.o
        32          4          0          4          0        879   delay.o
       288         56          0          0          0     290744   main.o
       176         18          0          0          0       1857   misc.o
       308         16          0          0          0       7115   rcc_gpio.o
        36          8        336          0       1024        820   startup_stm32f10x_cl.o
       804         24          0          0          0      11117   stm32f10x_adc.o
      1144         22          0          0          0       9184   stm32f10x_flash.o
       616         42          0          0          0       5925   stm32f10x_gpio.o
       160         14          0         16          0       1802   stm32f10x_it.o
       872         52          0         20          0      11298   stm32f10x_rcc.o
      2672         84          0          0          0      23738   stm32f10x_tim.o
       816         20          0          0          0       8848   stm32f10x_usart.o
       424         46          0         20          0       2111   system_stm32f10x.o
       212          8          0          2          0       1186   tim.o
        88          4          0          0          0        538   usart.o

    ----------------------------------------------------------------------
      8800        428        368         64       1024     386947   Object Totals
         0          0         32          0          0          0   (incl. Generated)
         0          0          0          2          0          0   (incl. Padding)

    ----------------------------------------------------------------------

      Code (inc. data)   RO Data    RW Data    ZI Data      Debug   Library Member Name

         0          0          0          0          0          0   entry.o
         8          4          0          0          0          0   entry2.o
         4          0          0          0          0          0   entry5.o
         0          0          0          0          0          0   entry7b.o
         8          4          0          0          0          0   entry8.o
        30          0          0          0          0          0   handlers.o
        36          8          0          0          0         68   init.o
         0          0          0          0          0          0   iusefp.o
        30          0          0          0          0         68   llshl.o
        36          0          0          0          0         68   llsshr.o
        32          0          0          0          0         68   llushr.o
      2254         88          0          0          0        444   printfa.o
         0          0          0          4          0          0   stdout.o
        44          0          0          0          0         80   uidiv.o
        98          0          0          0          0         92   uldiv.o
        40          2          0          0          0         68   cdrcmple.o
       332          0          0          0          0        148   dadd.o
       222          0          0          0          0        100   ddiv.o
       190          0          0          0          0        176   depilogue.o
        62          0          0          0          0         80   dfixi.o
        48          0          0          0          0         68   dfixul.o
        34          0          0          0          0         76   dflti.o
       224          0          0          0          0         96   dmul.o
        44          0          0          0          0         68   f2d.o
       128          0          0          0          0         88   fdiv.o
       108          0          0          0          0        168   fepilogue.o
        50          0          0          0          0         68   ffixi.o
        10          0          0          0          0         68   ffltui.o
       108          0          0          0          0         76   fmul.o

    ----------------------------------------------------------------------
      4188        106          0          4          4       2236   Library Totals
         8          0          0          0          4          0   (incl. Padding)

    ----------------------------------------------------------------------

      Code (inc. data)   RO Data    RW Data    ZI Data      Debug   Library Name

      2580        104          0          4          0        888   mc_w.l
      1600          2          0          0          0       1348   mf_w.l

    ----------------------------------------------------------------------
      4188        106          0          4          4       2236   Library Totals

    ----------------------------------------------------------------------

==============================================================================


      Code (inc. data)   RO Data    RW Data    ZI Data      Debug   

     12988        534        368         68       1028     385907   Grand Totals
     12988        534        368         68       1028     385907   ELF Image Totals
     12988        534        368         68          0          0   ROM Totals

==============================================================================

    Total RO  Size (Code + RO Data)                13356 (  13.04kB)
    Total RW  Size (RW Data + ZI Data)              1096 (   1.07kB)
    Total ROM Size (Code + RO Data + RW Data)      13424 (  13.11kB)

==============================================================================

